Component: ARM Compiler 5.06 update 7 (build 960) Tool: armlink [4d3601]

==============================================================================

Section Cross References

    startup.o(STACK) refers (Special) to heapauxi.o(.text) for __use_two_region_memory
    startup.o(HEAP) refers (Special) to heapauxi.o(.text) for __use_two_region_memory
    startup.o(RESET) refers (Special) to heapauxi.o(.text) for __use_two_region_memory
    startup.o(RESET) refers to startup.o(STACK) for StackMem
    startup.o(RESET) refers to sound.o(i.Timer0A_Handler) for Timer0A_Handler
    startup.o(RESET) refers to spaceinvaders.o(i.Timer1A_Handler) for Timer1A_Handler
    startup.o(RESET) refers to texas.o(i.Timer5A_Handler) for Timer5A_Handler
    startup.o(RESET) refers to __main.o(!!!main) for __main
    startup.o(.text) refers (Special) to heapauxi.o(.text) for __use_two_region_memory
    startup.o(.text) refers to startup.o(HEAP) for HeapMem
    startup.o(.text) refers to startup.o(STACK) for StackMem
    random.o(.text) refers to random.o(DATA) for M
    sound.o(i.Sound_Explosion) refers to sound.o(i.Sound_Start) for Sound_Start
    sound.o(i.Sound_Explosion) refers to sound.o(.constdata) for explosion
    sound.o(i.Sound_Fastinvader1) refers to sound.o(i.Sound_Start) for Sound_Start
    sound.o(i.Sound_Fastinvader1) refers to sound.o(.constdata) for fastinvader1
    sound.o(i.Sound_Fastinvader2) refers to sound.o(i.Sound_Start) for Sound_Start
    sound.o(i.Sound_Fastinvader2) refers to sound.o(.constdata) for fastinvader2
    sound.o(i.Sound_Fastinvader3) refers to sound.o(i.Sound_Start) for Sound_Start
    sound.o(i.Sound_Fastinvader3) refers to sound.o(.constdata) for fastinvader3
    sound.o(i.Sound_Fastinvader4) refers to sound.o(i.Sound_Start) for Sound_Start
    sound.o(i.Sound_Fastinvader4) refers to sound.o(.constdata) for fastinvader4
    sound.o(i.Sound_Highpitch) refers to sound.o(i.Sound_Start) for Sound_Start
    sound.o(i.Sound_Highpitch) refers to sound.o(.constdata) for highpitch
    sound.o(i.Sound_Init) refers to dac.o(i.DAC_Init) for DAC_Init
    sound.o(i.Sound_Init) refers to timer0.o(i.Timer0_Init) for Timer0_Init
    sound.o(i.Sound_Init) refers to sound.o(.data) for Length
    sound.o(i.Sound_Killed) refers to sound.o(i.Sound_Start) for Sound_Start
    sound.o(i.Sound_Killed) refers to sound.o(.constdata) for invaderkilled
    sound.o(i.Sound_Shoot) refers to sound.o(i.Sound_Start) for Sound_Start
    sound.o(i.Sound_Shoot) refers to sound.o(.constdata) for shoot
    sound.o(i.Sound_Start) refers to sound.o(.data) for Length
    sound.o(i.Timer0A_Handler) refers to dac.o(i.DAC_Out) for DAC_Out
    sound.o(i.Timer0A_Handler) refers to sound.o(.data) for Length
    spaceinvaders.o(i.CheckAllDead) refers to spaceinvaders.o(i.Gameover) for Gameover
    spaceinvaders.o(i.CheckAllDead) refers to spaceinvaders.o(.data) for KillFlag
    spaceinvaders.o(i.Collision) refers to sound.o(i.Sound_Killed) for Sound_Killed
    spaceinvaders.o(i.Collision) refers to spaceinvaders.o(i.CheckAllDead) for CheckAllDead
    spaceinvaders.o(i.Collision) refers to spaceinvaders.o(.bss) for Enemies
    spaceinvaders.o(i.Collision) refers to spaceinvaders.o(.data) for score
    spaceinvaders.o(i.Draw) refers to st7735.o(i.ST7735_DrawBitmap) for ST7735_DrawBitmap
    spaceinvaders.o(i.Draw) refers to spaceinvaders.o(.data) for Position
    spaceinvaders.o(i.Draw) refers to spaceinvaders.o(.constdata) for PlayerShip0
    spaceinvaders.o(i.Draw) refers to spaceinvaders.o(.bss) for Enemies
    spaceinvaders.o(i.Gameover) refers to st7735.o(i.ST7735_FillScreen) for ST7735_FillScreen
    spaceinvaders.o(i.Gameover) refers to st7735.o(i.ST7735_SetCursor) for ST7735_SetCursor
    spaceinvaders.o(i.Gameover) refers to st7735.o(i.ST7735_OutString) for ST7735_OutString
    spaceinvaders.o(i.Gameover) refers to st7735.o(i.ST7735_OutUDec) for ST7735_OutUDec
    spaceinvaders.o(i.Gameover) refers to spaceinvaders.o(.data) for Lang
    spaceinvaders.o(i.Gamestart) refers to st7735.o(i.ST7735_FillScreen) for ST7735_FillScreen
    spaceinvaders.o(i.Gamestart) refers to st7735.o(i.ST7735_OutString) for ST7735_OutString
    spaceinvaders.o(i.Gamestart) refers to spaceinvaders.o(.conststring) for .conststring
    spaceinvaders.o(i.Gamestart) refers to spaceinvaders.o(.data) for Lang
    spaceinvaders.o(i.Move) refers to sound.o(i.Sound_Explosion) for Sound_Explosion
    spaceinvaders.o(i.Move) refers to spaceinvaders.o(i.Gameover) for Gameover
    spaceinvaders.o(i.Move) refers to spaceinvaders.o(.bss) for Enemies
    spaceinvaders.o(i.PauseCheck) refers to spaceinvaders.o(.data) for LastP
    spaceinvaders.o(i.ProcessInput) refers to sound.o(i.Sound_Shoot) for Sound_Shoot
    spaceinvaders.o(i.ProcessInput) refers to spaceinvaders.o(.data) for LastE
    spaceinvaders.o(i.ProcessInput) refers to spaceinvaders.o(.bss) for Bullets
    spaceinvaders.o(i.Timer1A_Handler) refers to adc.o(i.ADC_In) for ADC_In
[...]
    st7735.o(i.ST7735_FillScreen) refers to st7735.o(.data) for _height
    st7735.o(i.ST7735_InitB) refers to st7735.o(i.commonInit) for commonInit
    st7735.o(i.ST7735_InitB) refers to st7735.o(i.ST7735_SetCursor) for ST7735_SetCursor
    st7735.o(i.ST7735_InitB) refers to st7735.o(i.ST7735_FillScreen) for ST7735_FillScreen
    st7735.o(i.ST7735_InitB) refers to st7735.o(.constdata) for Bcmd
    st7735.o(i.ST7735_InitB) refers to st7735.o(.data) for StTextColor
    st7735.o(i.ST7735_InitR) refers to st7735.o(i.commonInit) for commonInit
    st7735.o(i.ST7735_InitR) refers to st7735.o(i.commandList) for commandList
    st7735.o(i.ST7735_InitR) refers to st7735.o(i.writecommand) for writecommand
    st7735.o(i.ST7735_InitR) refers to st7735.o(i.writedata) for writedata
    st7735.o(i.ST7735_InitR) refers to st7735.o(i.ST7735_SetCursor) for ST7735_SetCursor
    st7735.o(i.ST7735_InitR) refers to st7735.o(i.ST7735_FillScreen) for ST7735_FillScreen
    st7735.o(i.ST7735_InitR) refers to st7735.o(.constdata) for Rcmd1
    st7735.o(i.ST7735_InitR) refers to st7735.o(.data) for ColStart
    st7735.o(i.ST7735_InvertDisplay) refers to st7735.o(i.writecommand) for writecommand
    st7735.o(i.ST7735_OutChar) refers to st7735.o(i.ST7735_DrawString) for ST7735_DrawString
    st7735.o(i.ST7735_OutChar) refers to st7735.o(i.ST7735_DrawCharS) for ST7735_DrawCharS
    st7735.o(i.ST7735_OutChar) refers to st7735.o(.data) for StY
    st7735.o(i.ST7735_OutFix) refers to stringconversion.o(.text) for Fix2String
    st7735.o(i.ST7735_OutFix) refers to st7735.o(i.ST7735_DrawString) for ST7735_DrawString
    st7735.o(i.ST7735_OutFix) refers to st7735.o(i.ST7735_DrawCharS) for ST7735_DrawCharS
    st7735.o(i.ST7735_OutFix) refers to st7735.o(.bss) for Message
    st7735.o(i.ST7735_OutFix) refers to st7735.o(.data) for StY
    st7735.o(i.ST7735_OutString) refers to st7735.o(i.ST7735_OutChar) for ST7735_OutChar
    st7735.o(i.ST7735_OutUDec) refers to stringconversion.o(.text) for Dec2String
    st7735.o(i.ST7735_OutUDec) refers to st7735.o(i.ST7735_DrawString) for ST7735_DrawString
    st7735.o(i.ST7735_OutUDec) refers to st7735.o(i.ST7735_DrawCharS) for ST7735_DrawCharS
    st7735.o(i.ST7735_OutUDec) refers to st7735.o(.bss) for Message
    st7735.o(i.ST7735_OutUDec) refers to st7735.o(.data) for StY
    st7735.o(i.ST7735_PlotBar) refers to st7735.o(i.ST7735_DrawFastVLine) for ST7735_DrawFastVLine
    st7735.o(i.ST7735_PlotBar) refers to st7735.o(.data) for Ymin
    st7735.o(i.ST7735_PlotClear) refers to st7735.o(i.ST7735_Color565) for ST7735_Color565
    st7735.o(i.ST7735_PlotClear) refers to st7735.o(i.ST7735_FillRect) for ST7735_FillRect
    st7735.o(i.ST7735_PlotClear) refers to st7735.o(.data) for Ymax
    st7735.o(i.ST7735_PlotLine) refers to st7735.o(i.ST7735_DrawPixel) for ST7735_DrawPixel
    st7735.o(i.ST7735_PlotLine) refers to st7735.o(.data) for Ymin
    st7735.o(i.ST7735_PlotNext) refers to st7735.o(.data) for X
    st7735.o(i.ST7735_PlotNextErase) refers to st7735.o(i.ST7735_Color565) for ST7735_Color565
    st7735.o(i.ST7735_PlotNextErase) refers to st7735.o(i.ST7735_DrawFastVLine) for ST7735_DrawFastVLine
    st7735.o(i.ST7735_PlotNextErase) refers to st7735.o(.data) for X
    st7735.o(i.ST7735_PlotPoint) refers to st7735.o(i.ST7735_DrawPixel) for ST7735_DrawPixel
    st7735.o(i.ST7735_PlotPoint) refers to st7735.o(.data) for Ymin
    st7735.o(i.ST7735_PlotPoints) refers to st7735.o(i.ST7735_DrawPixel) for ST7735_DrawPixel
    st7735.o(i.ST7735_PlotPoints) refers to st7735.o(.data) for Ymin
    st7735.o(i.ST7735_PlotdBfs) refers to st7735.o(i.ST7735_DrawFastVLine) for ST7735_DrawFastVLine
    st7735.o(i.ST7735_PlotdBfs) refers to st7735.o(.constdata) for dBfs
    st7735.o(i.ST7735_PlotdBfs) refers to st7735.o(.data) for X
    st7735.o(i.ST7735_SetCursor) refers to st7735.o(.data) for StX
    st7735.o(i.ST7735_SetRotation) refers to st7735.o(i.writecommand) for writecommand
    st7735.o(i.ST7735_SetRotation) refers to st7735.o(i.writedata) for writedata
    st7735.o(i.ST7735_SetRotation) refers to st7735.o(.data) for Rotation
    st7735.o(i.ST7735_SetTextColor) refers to st7735.o(.data) for StTextColor
    st7735.o(i.commandList) refers to st7735.o(i.writecommand) for writecommand
    st7735.o(i.commandList) refers to st7735.o(i.writedata) for writedata
    st7735.o(i.commandList) refers to st7735.o(i.Delay1ms) for Delay1ms
    st7735.o(i.commonInit) refers to st7735.o(i.Delay1ms) for Delay1ms
    st7735.o(i.commonInit) refers to st7735.o(i.commandList) for commandList
    st7735.o(i.commonInit) refers to st7735.o(.data) for RowStart
    st7735.o(i.fputc) refers to st7735.o(i.ST7735_OutChar) for ST7735_OutChar
    st7735.o(i.pushColor) refers to st7735.o(i.writedata) for writedata
    st7735.o(i.setAddrWindow) refers to st7735.o(i.writecommand) for writecommand
    st7735.o(i.setAddrWindow) refers to st7735.o(i.writedata) for writedata
    st7735.o(i.setAddrWindow) refers to st7735.o(.data) for ColStart
    st7735.o(i.writecommand) refers to busywait.o(.text) for SPIOutCommand
    st7735.o(i.writedata) refers to busywait.o(.text) for SPIOutData
    __main.o(!!!main) refers to __rtentry.o(.ARM.Collect$$rtentry$$00000000) for __rt_entry
    __rtentry.o(.ARM.Collect$$rtentry$$00000000) refers (Special) to __rtentry2.o(.ARM.Collect$$rtentry$$0000000A) for __rt_entry_li
    __rtentry.o(.ARM.Collect$$rtentry$$00000000) refers (Special) to __rtentry2.o(.ARM.Collect$$rtentry$$0000000D) for __rt_entry_main
    __rtentry.o(.ARM.Collect$$rtentry$$00000000) refers (Special) to __rtentry2.o(.ARM.Collect$$rtentry$$0000000C) for __rt_entry_postli_1
    __rtentry.o(.ARM.Collect$$rtentry$$00000000) refers (Special) to __rtentry2.o(.ARM.Collect$$rtentry$$00000009) for __rt_entry_postsh_1
    __rtentry.o(.ARM.Collect$$rtentry$$00000000) refers (Special) to __rtentry2.o(.ARM.Collect$$rtentry$$00000002) for __rt_entry_presh_1
    __rtentry.o(.ARM.Collect$$rtentry$$00000000) refers (Special) to __rtentry4.o(.ARM.Collect$$rtentry$$00000004) for __rt_entry_sh
    __rtentry2.o(.ARM.Collect$$rtentry$$00000008) refers to boardinit2.o(.text) for _platform_post_stackheap_init
    __rtentry2.o(.ARM.Collect$$rtentry$$0000000A) refers to libinit.o(.ARM.Collect$$libinit$$00000000) for __rt_lib_init
    __rtentry2.o(.ARM.Collect$$rtentry$$0000000B) refers to boardinit3.o(.text) for _platform_post_lib_init
    __rtentry2.o(.ARM.Collect$$rtentry$$0000000D) refers to spaceinvaders.o(i.main) for main
    __rtentry2.o(.ARM.Collect$$rtentry$$0000000D) refers to exit.o(.text) for exit
    __rtentry2.o(.ARM.exidx) refers to __rtentry2.o(.ARM.Collect$$rtentry$$00000001) for .ARM.Collect$$rtentry$$00000001
    __rtentry2.o(.ARM.exidx) refers to __rtentry2.o(.ARM.Collect$$rtentry$$00000008) for .ARM.Collect$$rtentry$$00000008
    __rtentry2.o(.ARM.exidx) refers to __rtentry2.o(.ARM.Collect$$rtentry$$0000000A) for .ARM.Collect$$rtentry$$0000000A
    __rtentry2.o(.ARM.exidx) refers to __rtentry2.o(.ARM.Collect$$rtentry$$0000000B) for .ARM.Collect$$rtentry$$0000000B
    __rtentry2.o(.ARM.exidx) refers to __rtentry2.o(.ARM.Collect$$rtentry$$0000000D) for .ARM.Collect$$rtentry$$0000000D
    __rtentry4.o(.ARM.Collect$$rtentry$$00000004) refers to sys_stackheap_outer.o(.text) for __user_setup_stackheap
    __rtentry4.o(.ARM.exidx) refers to __rtentry4.o(.ARM.Collect$$rtentry$$00000004) for .ARM.Collect$$rtentry$$00000004
    sys_stackheap_outer.o(.text) refers to libspace.o(.text) for __user_perproc_libspace
    sys_stackheap_outer.o(.text) refers to startup.o(.text) for __user_initial_stackheap
    exit.o(.text) refers to rtexit.o(.ARM.Collect$$rtexit$$00000000) for __rt_exit
    libinit.o(.ARM.Collect$$libinit$$00000000) refers (Special) to libinit2.o(.ARM.Collect$$libinit$$0000002E) for __rt_lib_init_alloca_1
    libinit.o(.ARM.Collect$$libinit$$00000000) refers (Special) to libinit2.o(.ARM.Collect$$libinit$$0000002C) for __rt_lib_init_argv_1
    libinit.o(.ARM.Collect$$libinit$$00000000) refers (Special) to libinit2.o(.ARM.Collect$$libinit$$0000001B) for __rt_lib_init_atexit_1
    libinit.o(.ARM.Collect$$libinit$$00000000) refers (Special) to libinit2.o(.ARM.Collect$$libinit$$00000021) for __rt_lib_init_clock_1
    libinit.o(.ARM.Collect$$libinit$$00000000) refers (Special) to libinit2.o(.ARM.Collect$$libinit$$00000032) for __rt_lib_init_cpp_1
    libinit.o(.ARM.Collect$$libinit$$00000000) refers (Special) to libinit2.o(.ARM.Collect$$libinit$$00000030) for __rt_lib_init_exceptions_1
    libinit.o(.ARM.Collect$$libinit$$00000000) refers (Special) to libinit2.o(.ARM.Collect$$libinit$$00000002) for __rt_lib_init_fp_1
    libinit.o(.ARM.Collect$$libinit$$00000000) refers (Special) to libinit2.o(.ARM.Collect$$libinit$$0000001F) for __rt_lib_init_fp_trap_1
    libinit.o(.ARM.Collect$$libinit$$00000000) refers (Special) to libinit2.o(.ARM.Collect$$libinit$$00000023) for __rt_lib_init_getenv_1
    libinit.o(.ARM.Collect$$libinit$$00000000) refers (Special) to libinit2.o(.ARM.Collect$$libinit$$0000000A) for __rt_lib_init_heap_1
    libinit.o(.ARM.Collect$$libinit$$00000000) refers (Special) to libinit2.o(.ARM.Collect$$libinit$$00000011) for __rt_lib_init_lc_collate_1
    libinit.o(.ARM.Collect$$libinit$$00000000) refers (Special) to libinit2.o(.ARM.Collect$$libinit$$00000013) for __rt_lib_init_lc_ctype_1
    libinit.o(.ARM.Collect$$libinit$$00000000) refers (Special) to libinit2.o(.ARM.Collect$$libinit$$00000015) for __rt_lib_init_lc_monetary_1
    libinit.o(.ARM.Collect$$libinit$$00000000) refers (Special) to libinit2.o(.ARM.Collect$$libinit$$00000017) for __rt_lib_init_lc_numeric_1
    libinit.o(.ARM.Collect$$libinit$$00000000) refers (Special) to libinit2.o(.ARM.Collect$$libinit$$00000019) for __rt_lib_init_lc_time_1
    libinit.o(.ARM.Collect$$libinit$$00000000) refers (Special) to libinit2.o(.ARM.Collect$$libinit$$00000004) for __rt_lib_init_preinit_1
    libinit.o(.ARM.Collect$$libinit$$00000000) refers (Special) to libinit2.o(.ARM.Collect$$libinit$$0000000E) for __rt_lib_init_rand_1
    libinit.o(.ARM.Collect$$libinit$$00000000) refers (Special) to libinit2.o(.ARM.Collect$$libinit$$00000033) for __rt_lib_init_return
    libinit.o(.ARM.Collect$$libinit$$00000000) refers (Special) to libinit2.o(.ARM.Collect$$libinit$$0000001D) for __rt_lib_init_signal_1
    libinit.o(.ARM.Collect$$libinit$$00000000) refers (Special) to libinit2.o(.ARM.Collect$$libinit$$00000025) for __rt_lib_init_stdio_1
    libinit.o(.ARM.Collect$$libinit$$00000000) refers (Special) to libinit2.o(.ARM.Collect$$libinit$$0000000C) for __rt_lib_init_user_alloc_1
    libspace.o(.text) refers to libspace.o(.bss) for __libspace_start
    rtexit.o(.ARM.Collect$$rtexit$$00000000) refers (Special) to rtexit2.o(.ARM.Collect$$rtexit$$00000004) for __rt_exit_exit
    rtexit.o(.ARM.Collect$$rtexit$$00000000) refers (Special) to rtexit2.o(.ARM.Collect$$rtexit$$00000003) for __rt_exit_ls
    rtexit.o(.ARM.Collect$$rtexit$$00000000) refers (Special) to rtexit2.o(.ARM.Collect$$rtexit$$00000002) for __rt_exit_prels_1
    rtexit.o(.ARM.exidx) refers (Special) to rtexit2.o(.ARM.Collect$$rtexit$$00000004) for __rt_exit_exit
    rtexit.o(.ARM.exidx) refers (Special) to rtexit2.o(.ARM.Collect$$rtexit$$00000003) for __rt_exit_ls
    rtexit.o(.ARM.exidx) refers (Special) to rtexit2.o(.ARM.Collect$$rtexit$$00000002) for __rt_exit_prels_1
    rtexit.o(.ARM.exidx) refers to rtexit.o(.ARM.Collect$$rtexit$$00000000) for .ARM.Collect$$rtexit$$00000000
    libinit2.o(.ARM.Collect$$libinit$$00000010) refers to libinit2.o(.ARM.Collect$$libinit$$0000000F) for .ARM.Collect$$libinit$$0000000F
    libinit2.o(.ARM.Collect$$libinit$$00000012) refers to libinit2.o(.ARM.Collect$$libinit$$0000000F) for .ARM.Collect$$libinit$$0000000F
    libinit2.o(.ARM.Collect$$libinit$$00000014) refers to libinit2.o(.ARM.Collect$$libinit$$0000000F) for .ARM.Collect$$libinit$$0000000F
    libinit2.o(.ARM.Collect$$libinit$$00000016) refers to libinit2.o(.ARM.Collect$$libinit$$0000000F) for .ARM.Collect$$libinit$$0000000F
    libinit2.o(.ARM.Collect$$libinit$$00000018) refers to libinit2.o(.ARM.Collect$$libinit$$0000000F) for .ARM.Collect$$libinit$$0000000F
    libinit2.o(.ARM.Collect$$libinit$$00000026) refers to argv_veneer.o(.emb_text) for __ARM_argv_veneer
    libinit2.o(.ARM.Collect$$libinit$$00000027) refers to argv_veneer.o(.emb_text) for __ARM_argv_veneer
    rtexit2.o(.ARM.Collect$$rtexit$$00000003) refers to libshutdown.o(.ARM.Collect$$libshutdown$$00000000) for __rt_lib_shutdown
    rtexit2.o(.ARM.Collect$$rtexit$$00000004) refers to sys_exit.o(.text) for _sys_exit
    rtexit2.o(.ARM.exidx) refers to rtexit2.o(.ARM.Collect$$rtexit$$00000001) for .ARM.Collect$$rtexit$$00000001
    rtexit2.o(.ARM.exidx) refers to rtexit2.o(.ARM.Collect$$rtexit$$00000003) for .ARM.Collect$$rtexit$$00000003
    rtexit2.o(.ARM.exidx) refers to rtexit2.o(.ARM.Collect$$rtexit$$00000004) for .ARM.Collect$$rtexit$$00000004
    argv_veneer.o(.emb_text) refers to no_argv.o(.text) for __ARM_get_argv
    sys_exit.o(.text) refers (Special) to use_no_semi.o(.text) for __I$use$semihosting
    sys_exit.o(.text) refers (Special) to indicate_semi.o(.text) for __semihosting_library_function
    _get_argv_nomalloc.o(.text) refers (Special) to hrguard.o(.text) for __heap_region$guard
    _get_argv_nomalloc.o(.text) refers to defsig_rtmem_outer.o(.text) for __rt_SIGRTMEM
    _get_argv_nomalloc.o(.text) refers to sys_command.o(.text) for _sys_command_string
    libshutdown.o(.ARM.Collect$$libshutdown$$00000000) refers (Special) to libshutdown2.o(.ARM.Collect$$libshutdown$$00000004) for __rt_lib_shutdown_cpp_1
    libshutdown.o(.ARM.Collect$$libshutdown$$00000000) refers (Special) to libshutdown2.o(.ARM.Collect$$libshutdown$$00000002) for __rt_lib_shutdown_fini_1
    libshutdown.o(.ARM.Collect$$libshutdown$$00000000) refers (Special) to libshutdown2.o(.ARM.Collect$$libshutdown$$00000009) for __rt_lib_shutdown_fp_trap_1
    libshutdown.o(.ARM.Collect$$libshutdown$$00000000) refers (Special) to libshutdown2.o(.ARM.Collect$$libshutdown$$00000011) for __rt_lib_shutdown_heap_1
    libshutdown.o(.ARM.Collect$$libshutdown$$00000000) refers (Special) to libshutdown2.o(.ARM.Collect$$libshutdown$$00000012) for __rt_lib_shutdown_return
    libshutdown.o(.ARM.Collect$$libshutdown$$00000000) refers (Special) to libshutdown2.o(.ARM.Collect$$libshutdown$$0000000C) for __rt_lib_shutdown_signal_1
    libshutdown.o(.ARM.Collect$$libshutdown$$00000000) refers (Special) to libshutdown2.o(.ARM.Collect$$libshutdown$$00000006) for __rt_lib_shutdown_stdio_1
    libshutdown.o(.ARM.Collect$$libshutdown$$00000000) refers (Special) to libshutdown2.o(.ARM.Collect$$libshutdown$$0000000E) for __rt_lib_shutdown_user_alloc_1
    sys_command.o(.text) refers (Special) to use_no_semi.o(.text) for __I$use$semihosting
    sys_command.o(.text) refers (Special) to indicate_semi.o(.text) for __semihosting_library_function
    defsig_rtmem_outer.o(.text) refers to defsig_rtmem_inner.o(.text) for __rt_SIGRTMEM_inner
    defsig_rtmem_outer.o(.text) refers to defsig_exit.o(.text) for __sig_exit
    defsig_rtmem_formal.o(.text) refers to rt_raise.o(.text) for __rt_raise
    rt_raise.o(.text) refers to __raise.o(.text) for __raise
    rt_raise.o(.text) refers to sys_exit.o(.text) for _sys_exit
    defsig_exit.o(.text) refers to sys_exit.o(.text) for _sys_exit
    defsig_rtmem_inner.o(.text) refers to defsig_general.o(.text) for __default_signal_display
    __raise.o(.text) refers to defsig.o(CL$$defsig) for __default_signal_handler
    defsig_general.o(.text) refers to sys_wrch.o(.text) for _ttywrch
    sys_wrch.o(.text) refers (Special) to use_no_semi.o(.text) for __I$use$semihosting
    sys_wrch.o(.text) refers (Special) to indicate_semi.o(.text) for __semihosting_library_function
    defsig.o(CL$$defsig) refers to defsig_rtmem_inner.o(.text) for __rt_SIGRTMEM_inner
    defsig_abrt_inner.o(.text) refers to defsig_general.o(.text) for __default_signal_display
    defsig_fpe_inner.o(.text) refers to defsig_general.o(.text) for __default_signal_display
    defsig_rtred_inner.o(.text) refers to defsig_general.o(.text) for __default_signal_display
    defsig_stak_inner.o(.text) refers to defsig_general.o(.text) for __default_signal_display
    defsig_pvfn_inner.o(.text) refers to defsig_general.o(.text) for __default_signal_display
    defsig_cppl_inner.o(.text) refers to defsig_general.o(.text) for __default_signal_display
    defsig_segv_inner.o(.text) refers to defsig_general.o(.text) for __default_signal_display
    defsig_other.o(.text) refers to defsig_general.o(.text) for __default_signal_display


==============================================================================

Removing Unused input sections from the image.

    Removing sound.o(i.Sound_Fastinvader1), (20 bytes).
    Removing sound.o(i.Sound_Fastinvader2), (20 bytes).
    Removing sound.o(i.Sound_Fastinvader3), (20 bytes).
    Removing sound.o(i.Sound_Fastinvader4), (20 bytes).
    Removing sound.o(i.Sound_Highpitch), (20 bytes).
    Removing spaceinvaders.o(i.Delay100ms), (36 bytes).
    Removing spaceinvaders.o(i.main1), (180 bytes).
    Removing texas.o(i.PeriodicTask2_Stop), (36 bytes).
    Removing texas.o(i.TExaS_Stop), (8 bytes).
    Removing texas.o(i.UART0_InChar), (28 bytes).
    Removing texas.o(i.UART0_OutChar), (24 bytes).
    Removing texas.o(i.UART0_OutString), (22 bytes).
    Removing st7735.o(i.Output_Clear), (10 bytes).
    Removing st7735.o(i.Output_Color), (12 bytes).
    Removing st7735.o(i.Output_Off), (8 bytes).
    Removing st7735.o(i.Output_On), (8 bytes).
    Removing st7735.o(i.ST7735_Color565), (24 bytes).
    Removing st7735.o(i.ST7735_DrawChar), (272 bytes).
    Removing st7735.o(i.ST7735_DrawCircle), (172 bytes).
    Removing st7735.o(i.ST7735_DrawFastHLine), (124 bytes).
    Removing st7735.o(i.ST7735_DrawFastVLine), (124 bytes).
    Removing st7735.o(i.ST7735_DrawSmallCircle), (172 bytes).
    Removing st7735.o(i.ST7735_InitB), (40 bytes).
    Removing st7735.o(i.ST7735_InvertDisplay), (22 bytes).
    Removing st7735.o(i.ST7735_OutFix), (132 bytes).
    Removing st7735.o(i.ST7735_PlotBar), (88 bytes).
    Removing st7735.o(i.ST7735_PlotClear), (92 bytes).
    Removing st7735.o(i.ST7735_PlotLine), (264 bytes).
    Removing st7735.o(i.ST7735_PlotNext), (32 bytes).
    Removing st7735.o(i.ST7735_PlotNextErase), (64 bytes).
    Removing st7735.o(i.ST7735_PlotPoint), (152 bytes).
    Removing st7735.o(i.ST7735_PlotPoints), (172 bytes).
    Removing st7735.o(i.ST7735_PlotdBfs), (60 bytes).
    Removing st7735.o(i.ST7735_SetRotation), (212 bytes).
    Removing st7735.o(i.ST7735_SetTextColor), (12 bytes).
    Removing st7735.o(i.ST7735_SwapColor), (18 bytes).
    Removing st7735.o(i.deselect), (28 bytes).
    Removing st7735.o(i.ferror), (8 bytes).
    Removing st7735.o(i.fgetc), (6 bytes).
    Removing st7735.o(i.fputc), (16 bytes).

40 unused section(s) (total 2778 bytes) removed from the image.

==============================================================================

Image Symbol Table

    Local Symbols

    Symbol Name                              Value     Ov Type        Size  Object(Section)

    RESET                                    0x00000000   Section      644  startup.o(RESET)
    ../clib/angel/boardlib.s                 0x00000000   Number         0  boardshut.o ABSOLUTE
    ../clib/angel/boardlib.s                 0x00000000   Number         0  boardinit1.o ABSOLUTE
    ../clib/angel/boardlib.s                 0x00000000   Number         0  boardinit2.o ABSOLUTE
    ../clib/angel/boardlib.s                 0x00000000   Number         0  boardinit3.o ABSOLUTE
    ../clib/angel/handlers.s                 0x00000000   Number         0  __scatter_zi.o ABSOLUTE
    ../clib/angel/handlers.s                 0x00000000   Number         0  __scatter_copy.o ABSOLUTE
    ../clib/angel/kernel.s                   0x00000000   Number         0  __rtentry2.o ABSOLUTE
    ../clib/angel/kernel.s                   0x00000000   Number         0  rtexit.o ABSOLUTE
    ../clib/angel/kernel.s                   0x00000000   Number         0  rtexit2.o ABSOLUTE
    ../clib/angel/kernel.s                   0x00000000   Number         0  __rtentry.o ABSOLUTE
    ../clib/angel/kernel.s                   0x00000000   Number         0  __rtentry4.o ABSOLUTE
    ../clib/angel/rt.s                       0x00000000   Number         0  rt_raise.o ABSOLUTE
    ../clib/angel/scatter.s                  0x00000000   Number         0  __scatter.o ABSOLUTE
    ../clib/angel/startup.s                  0x00000000   Number         0  __main.o ABSOLUTE
    ../clib/angel/sys.s                      0x00000000   Number         0  sys_stackheap_outer.o ABSOLUTE
    ../clib/angel/sys.s                      0x00000000   Number         0  libspace.o ABSOLUTE
    ../clib/angel/sys.s                      0x00000000   Number         0  use_no_semi.o ABSOLUTE
    ../clib/angel/sys.s                      0x00000000   Number         0  indicate_semi.o ABSOLUTE
    ../clib/angel/sysapp.c                   0x00000000   Number         0  sys_wrch.o ABSOLUTE
    ../clib/angel/sysapp.c                   0x00000000   Number         0  sys_command.o ABSOLUTE
    ../clib/angel/sysapp.c                   0x00000000   Number         0  sys_exit.o ABSOLUTE
    ../clib/armsys.c                         0x00000000   Number         0  no_argv.o ABSOLUTE
    ../clib/armsys.c                         0x00000000   Number         0  _get_argv_nomalloc.o ABSOLUTE
    ../clib/armsys.c                         0x00000000   Number         0  argv_veneer.o ABSOLUTE
    ../clib/armsys.c                         0x00000000   Number         0  argv_veneer.o ABSOLUTE
    ../clib/heapalloc.c                      0x00000000   Number         0  hrguard.o ABSOLUTE
    ../clib/heapaux.c                        0x00000000   Number         0  heapauxi.o ABSOLUTE
    ../clib/libinit.s                        0x00000000   Number         0  libshutdown2.o ABSOLUTE
    ../clib/libinit.s                        0x00000000   Number         0  libshutdown.o ABSOLUTE
    ../clib/libinit.s                        0x00000000   Number         0  libinit2.o ABSOLUTE
    ../clib/libinit.s                        0x00000000   Number         0  libinit.o ABSOLUTE
    ../clib/signal.c                         0x00000000   Number         0  defsig_exit.o ABSOLUTE
    ../clib/signal.c                         0x00000000   Number         0  defsig_fpe_inner.o ABSOLUTE
    ../clib/signal.c                         0x00000000   Number         0  defsig_abrt_inner.o ABSOLUTE
    ../clib/signal.c                         0x00000000   Number         0  defsig_general.o ABSOLUTE
    ../clib/signal.c                         0x00000000   Number         0  __raise.o ABSOLUTE
    ../clib/signal.c                         0x00000000   Number         0  defsig_stak_inner.o ABSOLUTE
    ../clib/signal.c                         0x00000000   Number         0  defsig_pvfn_inner.o ABSOLUTE
    ../clib/signal.c                         0x00000000   Number         0  defsig_rtred_inner.o ABSOLUTE
    ../clib/signal.c                         0x00000000   Number         0  defsig_cppl_inner.o ABSOLUTE
    ../clib/signal.c                         0x00000000   Number         0  defsig_rtmem_inner.o ABSOLUTE
    ../clib/signal.c                         0x00000000   Number         0  defsig_segv_inner.o ABSOLUTE
    ../clib/signal.c                         0x00000000   Number         0  defsig_other.o ABSOLUTE
    ../clib/signal.c                         0x00000000   Number         0  defsig_rtmem_outer.o ABSOLUTE
    ../clib/signal.c                         0x00000000   Number         0  defsig_rtmem_formal.o ABSOLUTE
    ../clib/signal.s                         0x00000000   Number         0  defsig.o ABSOLUTE
    ../clib/stdlib.c                         0x00000000   Number         0  exit.o ABSOLUTE
    ../fplib/fpinit.s                        0x00000000   Number         0  fpinit.o ABSOLUTE
    ..\inc\ADC.c                             0x00000000   Number         0  adc.o ABSOLUTE
    ..\inc\BusyWait.s                        0x00000000   Number         0  busywait.o ABSOLUTE
    ..\inc\DAC.c                             0x00000000   Number         0  dac.o ABSOLUTE
    ..\inc\PLL.c                             0x00000000   Number         0  pll.o ABSOLUTE
    ..\inc\ST7735.c                          0x00000000   Number         0  st7735.o ABSOLUTE
    ..\inc\StringConversion.s                0x00000000   Number         0  stringconversion.o ABSOLUTE
    Sound.c                                  0x00000000   Number         0  sound.o ABSOLUTE
    SpaceInvaders.c                          0x00000000   Number         0  spaceinvaders.o ABSOLUTE
    TExaS.c                                  0x00000000   Number         0  texas.o ABSOLUTE
    Timer0.c                                 0x00000000   Number         0  timer0.o ABSOLUTE
    Timer1.c                                 0x00000000   Number         0  timer1.o ABSOLUTE
    dc.s                                     0x00000000   Number         0  dc.o ABSOLUTE
    random.s                                 0x00000000   Number         0  random.o ABSOLUTE
    startup.s                                0x00000000   Number         0  startup.o ABSOLUTE
    !!!main                                  0x00000284   Section        8  __main.o(!!!main)
    !!!scatter                               0x0000028c   Section       52  __scatter.o(!!!scatter)
    !!handler_copy                           0x000002c0   Section       26  __scatter_copy.o(!!handler_copy)
    !!handler_zi                             0x000002dc   Section       28  __scatter_zi.o(!!handler_zi)
    .ARM.Collect$$libinit$$00000000          0x000002f8   Section        2  libinit.o(.ARM.Collect$$libinit$$00000000)
    .ARM.Collect$$libinit$$00000002          0x000002fa   Section        0  libinit2.o(.ARM.Collect$$libinit$$00000002)
    .ARM.Collect$$libinit$$00000004          0x000002fa   Section        0  libinit2.o(.ARM.Collect$$libinit$$00000004)
    .ARM.Collect$$libinit$$0000000A          0x000002fa   Section        0  libinit2.o(.ARM.Collect$$libinit$$0000000A)
    .ARM.Collect$$libinit$$0000000C          0x000002fa   Section        0  libinit2.o(.ARM.Collect$$libinit$$0000000C)
    .ARM.Collect$$libinit$$0000000E          0x000002fa   Section        0  libinit2.o(.ARM.Collect$$libinit$$0000000E)
    .ARM.Collect$$libinit$$00000011          0x000002fa   Section        0  libinit2.o(.ARM.Collect$$libinit$$00000011)
    .ARM.Collect$$libinit$$00000013          0x000002fa   Section        0  libinit2.o(.ARM.Collect$$libinit$$00000013)
    .ARM.Collect$$libinit$$00000015          0x000002fa   Section        0  libinit2.o(.ARM.Collect$$libinit$$00000015)
    .ARM.Collect$$libinit$$00000017          0x000002fa   Section        0  libinit2.o(.ARM.Collect$$libinit$$00000017)
    .ARM.Collect$$libinit$$00000019          0x000002fa   Section        0  libinit2.o(.ARM.Collect$$libinit$$00000019)
    .ARM.Collect$$libinit$$0000001B          0x000002fa   Section        0  libinit2.o(.ARM.Collect$$libinit$$0000001B)
    .ARM.Collect$$libinit$$0000001D          0x000002fa   Section        0  libinit2.o(.ARM.Collect$$libinit$$0000001D)
    .ARM.Collect$$libinit$$0000001F          0x000002fa   Section        0  libinit2.o(.ARM.Collect$$libinit$$0000001F)
    .ARM.Collect$$libinit$$00000021          0x000002fa   Section        0  libinit2.o(.ARM.Collect$$libinit$$00000021)
    .ARM.Collect$$libinit$$00000023          0x000002fa   Section        0  libinit2.o(.ARM.Collect$$libinit$$00000023)
    .ARM.Collect$$libinit$$00000025          0x000002fa   Section        0  libinit2.o(.ARM.Collect$$libinit$$00000025)
    .ARM.Collect$$libinit$$0000002C          0x000002fa   Section        0  libinit2.o(.ARM.Collect$$libinit$$0000002C)
    .ARM.Collect$$libinit$$0000002E          0x000002fa   Section        0  libinit2.o(.ARM.Collect$$libinit$$0000002E)
    .ARM.Collect$$libinit$$00000030          0x000002fa   Section        0  libinit2.o(.ARM.Collect$$libinit$$00000030)
    .ARM.Collect$$libinit$$00000032          0x000002fa   Section        0  libinit2.o(.ARM.Collect$$libinit$$00000032)
    .ARM.Collect$$libinit$$00000033          0x000002fa   Section        2  libinit2.o(.ARM.Collect$$libinit$$00000033)
    .ARM.Collect$$libshutdown$$00000000      0x000002fc   Section        2  libshutdown.o(.ARM.Collect$$libshutdown$$00000000)
    .ARM.Collect$$libshutdown$$00000002      0x000002fe   Section        0  libshutdown2.o(.ARM.Collect$$libshutdown$$00000002)
    .ARM.Collect$$libshutdown$$00000004      0x000002fe   Section        0  libshutdown2.o(.ARM.Collect$$libshutdown$$00000004)
    .ARM.Collect$$libshutdown$$00000006      0x000002fe   Section        0  libshutdown2.o(.ARM.Collect$$libshutdown$$00000006)
    .ARM.Collect$$libshutdown$$00000009      0x000002fe   Section        0  libshutdown2.o(.ARM.Collect$$libshutdown$$00000009)
    .ARM.Collect$$libshutdown$$0000000C      0x000002fe   Section        0  libshutdown2.o(.ARM.Collect$$libshutdown$$0000000C)
    .ARM.Collect$$libshutdown$$0000000E      0x000002fe   Section        0  libshutdown2.o(.ARM.Collect$$libshutdown$$0000000E)
    .ARM.Collect$$libshutdown$$00000011      0x000002fe   Section        0  libshutdown2.o(.ARM.Collect$$libshutdown$$00000011)
    .ARM.Collect$$libshutdown$$00000012      0x000002fe   Section        2  libshutdown2.o(.ARM.Collect$$libshutdown$$00000012)
    .ARM.Collect$$rtentry$$00000000          0x00000300   Section        0  __rtentry.o(.ARM.Collect$$rtentry$$00000000)
    .ARM.Collect$$rtentry$$00000002          0x00000300   Section        0  __rtentry2.o(.ARM.Collect$$rtentry$$00000002)
    .ARM.Collect$$rtentry$$00000004          0x00000300   Section        6  __rtentry4.o(.ARM.Collect$$rtentry$$00000004)
    .ARM.Collect$$rtentry$$00000009          0x00000306   Section        0  __rtentry2.o(.ARM.Collect$$rtentry$$00000009)
    .ARM.Collect$$rtentry$$0000000A          0x00000306   Section        4  __rtentry2.o(.ARM.Collect$$rtentry$$0000000A)
    .ARM.Collect$$rtentry$$0000000C          0x0000030a   Section        0  __rtentry2.o(.ARM.Collect$$rtentry$$0000000C)
    .ARM.Collect$$rtentry$$0000000D          0x0000030a   Section        8  __rtentry2.o(.ARM.Collect$$rtentry$$0000000D)
    .ARM.Collect$$rtexit$$00000000           0x00000312   Section        2  rtexit.o(.ARM.Collect$$rtexit$$00000000)
    .ARM.Collect$$rtexit$$00000002           0x00000314   Section        0  rtexit2.o(.ARM.Collect$$rtexit$$00000002)
    .ARM.Collect$$rtexit$$00000003           0x00000314   Section        4  rtexit2.o(.ARM.Collect$$rtexit$$00000003)
    .ARM.Collect$$rtexit$$00000004           0x00000318   Section        6  rtexit2.o(.ARM.Collect$$rtexit$$00000004)
    .text                                    0x00000320   Section       48  startup.o(.text)
    .text                                    0x00000350   Section       60  random.o(.text)
    .text                                    0x0000038c   Section       72  busywait.o(.text)
    .text                                    0x000003d4   Section      396  stringconversion.o(.text)
    .text                                    0x00000560   Section        0  heapauxi.o(.text)
    .text                                    0x00000566   Section       74  sys_stackheap_outer.o(.text)
    .text                                    0x000005b0   Section        0  exit.o(.text)
    .text                                    0x000005c4   Section        8  libspace.o(.text)
    .text                                    0x000005cc   Section        0  sys_exit.o(.text)
    .text                                    0x000005d8   Section        2  use_no_semi.o(.text)
    .text                                    0x000005da   Section        0  indicate_semi.o(.text)
    i.ADC1_Init                              0x000005dc   Section        0  texas.o(i.ADC1_Init)
    i.ADC_In                                 0x000006a4   Section        0  adc.o(i.ADC_In)
    i.ADC_Init                               0x000006d0   Section        0  adc.o(i.ADC_Init)
    i.CheckAllDead                           0x000007a4   Section        0  spaceinvaders.o(i.CheckAllDead)
    i.Collision                              0x000007b8   Section        0  spaceinvaders.o(i.Collision)
    i.DAC_Init                               0x00000898   Section        0  dac.o(i.DAC_Init)
    i.DAC_Out                                0x000008f0   Section        0  dac.o(i.DAC_Out)
    i.Delay1ms                               0x000008fc   Section        0  st7735.o(i.Delay1ms)
    i.Draw                                   0x0000091c   Section        0  spaceinvaders.o(i.Draw)
    i.Gameover                               0x00000ab8   Section        0  spaceinvaders.o(i.Gameover)
    i.Gamestart                              0x00000b30   Section        0  spaceinvaders.o(i.Gamestart)
    i.LogicAnalyzerA                         0x00000b70   Section        0  texas.o(i.LogicAnalyzerA)
    i.LogicAnalyzerB                         0x00000b88   Section        0  texas.o(i.LogicAnalyzerB)
    i.LogicAnalyzerC                         0x00000ba0   Section        0  texas.o(i.LogicAnalyzerC)
    i.LogicAnalyzerE                         0x00000bb8   Section        0  texas.o(i.LogicAnalyzerE)
    i.LogicAnalyzerF                         0x00000bd0   Section        0  texas.o(i.LogicAnalyzerF)
    i.Move                                   0x00000be8   Section        0  spaceinvaders.o(i.Move)
    i.Output_Init                            0x00000ca0   Section        0  st7735.o(i.Output_Init)
    i.PLL_Init                               0x00000cb0   Section        0  pll.o(i.PLL_Init)
    i.PauseCheck                             0x00000d2c   Section        0  spaceinvaders.o(i.PauseCheck)
    i.PeriodicTask2_Init                     0x00000d6c   Section        0  texas.o(i.PeriodicTask2_Init)
    i.PortE_Init                             0x00000e00   Section        0  spaceinvaders.o(i.PortE_Init)
    i.ProcessInput                           0x00000e44   Section        0  spaceinvaders.o(i.ProcessInput)
    i.ST7735_DrawBitmap                      0x00000ec4   Section        0  st7735.o(i.ST7735_DrawBitmap)
    i.ST7735_DrawCharS                       0x00000fe4   Section        0  st7735.o(i.ST7735_DrawCharS)
    i.ST7735_DrawPixel                       0x000010dc   Section        0  st7735.o(i.ST7735_DrawPixel)
    i.ST7735_DrawString                      0x00001124   Section        0  st7735.o(i.ST7735_DrawString)
    i.ST7735_FillRect                        0x00001178   Section        0  st7735.o(i.ST7735_FillRect)
    i.ST7735_FillScreen                      0x00001224   Section        0  st7735.o(i.ST7735_FillScreen)
    i.ST7735_InitR                           0x00001248   Section        0  st7735.o(i.ST7735_InitR)
    i.ST7735_OutChar                         0x000012c4   Section        0  st7735.o(i.ST7735_OutChar)
    i.ST7735_OutString                       0x00001398   Section        0  st7735.o(i.ST7735_OutString)
    i.ST7735_OutUDec                         0x000013b0   Section        0  st7735.o(i.ST7735_OutUDec)
    i.ST7735_SetCursor                       0x00001434   Section        0  st7735.o(i.ST7735_SetCursor)
    i.Scope                                  0x00001454   Section        0  texas.o(i.Scope)
    i.Sound_Explosion                        0x00001468   Section        0  sound.o(i.Sound_Explosion)
    i.Sound_Init                             0x0000147c   Section        0  sound.o(i.Sound_Init)
    i.Sound_Killed                           0x00001498   Section        0  sound.o(i.Sound_Killed)
    i.Sound_Shoot                            0x000014ac   Section        0  sound.o(i.Sound_Shoot)
    i.Sound_Start                            0x000014c0   Section        0  sound.o(i.Sound_Start)
    i.TExaS_Init                             0x000014e0   Section        0  texas.o(i.TExaS_Init)
    i.Timer0A_Handler                        0x000015d8   Section        0  sound.o(i.Timer0A_Handler)
    i.Timer0_Init                            0x00001628   Section        0  timer0.o(i.Timer0_Init)
    i.Timer1A_Handler                        0x00001688   Section        0  spaceinvaders.o(i.Timer1A_Handler)
    i.Timer1_Init                            0x00001700   Section        0  timer1.o(i.Timer1_Init)
    i.Timer5A_Handler                        0x00001760   Section        0  texas.o(i.Timer5A_Handler)
    i.UART0_Init                             0x00001778   Section        0  texas.o(i.UART0_Init)
    i.commandList                            0x00001800   Section        0  st7735.o(i.commandList)
    commandList                              0x00001801   Thumb Code    86  st7735.o(i.commandList)
    i.commonInit                             0x00001858   Section        0  st7735.o(i.commonInit)
    commonInit                               0x00001859   Thumb Code   342  st7735.o(i.commonInit)
    i.init                                   0x000019e0   Section        0  spaceinvaders.o(i.init)
    i.main                                   0x00001a9c   Section        0  spaceinvaders.o(i.main)
    i.pushColor                              0x00001b28   Section        0  st7735.o(i.pushColor)
    pushColor                                0x00001b29   Thumb Code    18  st7735.o(i.pushColor)
    i.setAddrWindow                          0x00001b3c   Section        0  st7735.o(i.setAddrWindow)
    setAddrWindow                            0x00001b3d   Thumb Code   106  st7735.o(i.setAddrWindow)
    i.writecommand                           0x00001bb0   Section        0  st7735.o(i.writecommand)
    i.writedata                              0x00001bcc   Section        0  st7735.o(i.writedata)
    .constdata                               0x00001be8   Section    15435  sound.o(.constdata)
    .constdata                               0x00005834   Section     5699  spaceinvaders.o(.constdata)
    .constdata                               0x00006e78   Section     2114  st7735.o(.constdata)
    Font                                     0x00006e78   Data        1275  st7735.o(.constdata)
    Bcmd                                     0x00007373   Data         103  st7735.o(.constdata)
    Rcmd1                                    0x000073da   Data          59  st7735.o(.constdata)
    Rcmd2green                               0x00007415   Data          13  st7735.o(.constdata)
    Rcmd2red                                 0x00007422   Data          13  st7735.o(.constdata)
    Rcmd3                                    0x0000742f   Data          43  st7735.o(.constdata)
    .conststring                             0x000076bc   Section       80  spaceinvaders.o(.conststring)
    .data                                    0x20000000   Section        8  sound.o(.data)
    .data                                    0x20000008   Section       96  spaceinvaders.o(.data)
    .data                                    0x20000068   Section        4  texas.o(.data)
    .data                                    0x2000006c   Section       44  st7735.o(.data)
    ColStart                                 0x20000076   Data           1  st7735.o(.data)
    RowStart                                 0x20000077   Data           1  st7735.o(.data)
    Rotation                                 0x20000078   Data           1  st7735.o(.data)
    TabColor                                 0x20000079   Data           1  st7735.o(.data)
    _width                                   0x2000007a   Data           2  st7735.o(.data)
    _height                                  0x2000007c   Data           2  st7735.o(.data)
    DATA                                     0x20000098   Section        4  random.o(DATA)
    M                                        0x20000098   Data           4  random.o(DATA)
    .bss                                     0x2000009c   Section      780  spaceinvaders.o(.bss)
    .bss                                     0x200003a8   Section       12  st7735.o(.bss)
    .bss                                     0x200003b4   Section       96  libspace.o(.bss)
    HEAP                                     0x20000418   Section        0  startup.o(HEAP)
    STACK                                    0x20000418   Section     1024  startup.o(STACK)
    HeapMem                                  0x20000418   Data           0  startup.o(HEAP)
    StackMem                                 0x20000418   Data           0  startup.o(STACK)

    Global Symbols

    Symbol Name                              Value     Ov Type        Size  Object(Section)

    BuildAttributes$$THM_ISAv4$E$P$D$K$B$S$7EM$PE$A:L22UL41UL21$X:L11$S22US41US21$IEEE1$IW$USESV6$~STKCKD$USESV7$~SHL$OSPACE$ROPI$EBA8$UX$STANDARDLIB$REQ8$EABIv2 0x00000000   Number         0  anon$$obj.o ABSOLUTE
    __ARM_use_no_argv                        0x00000000   Number         0  spaceinvaders.o ABSOLUTE
    __Vectors                                0x00000000   Data           0  startup.o(RESET)
    __ARM_exceptions_init                     - Undefined Weak Reference
    __alloca_initialize                       - Undefined Weak Reference
    __arm_fini_                               - Undefined Weak Reference
    __arm_preinit_                            - Undefined Weak Reference
    __cpp_initialize__aeabi_                  - Undefined Weak Reference
    __cxa_finalize                            - Undefined Weak Reference
    __rt_locale                               - Undefined Weak Reference
    __sigvec_lookup                           - Undefined Weak Reference
    _atexit_init                              - Undefined Weak Reference
    _call_atexit_fns                          - Undefined Weak Reference
    _clock_init                               - Undefined Weak Reference
    _fp_trap_init                             - Undefined Weak Reference
    _fp_trap_shutdown                         - Undefined Weak Reference
    _get_lc_collate                           - Undefined Weak Reference
    _get_lc_ctype                             - Undefined Weak Reference
    _get_lc_monetary                          - Undefined Weak Reference
    _get_lc_numeric                           - Undefined Weak Reference
    _get_lc_time                              - Undefined Weak Reference
    _getenv_init                              - Undefined Weak Reference
    _handle_redirection                       - Undefined Weak Reference
    _init_alloc                               - Undefined Weak Reference
    _init_user_alloc                          - Undefined Weak Reference
    _initio                                   - Undefined Weak Reference
    _rand_init                                - Undefined Weak Reference
    _signal_finish                            - Undefined Weak Reference
    _signal_init                              - Undefined Weak Reference
    _terminate_alloc                          - Undefined Weak Reference
    _terminate_user_alloc                     - Undefined Weak Reference
    _terminateio                              - Undefined Weak Reference
    Reset_Handler                            0x0000026d   Thumb Code     0  startup.o(RESET)
    NMI_Handler                              0x00000271   Thumb Code     2  startup.o(RESET)
    HardFault_Handler                        0x00000273   Thumb Code     2  startup.o(RESET)
    MemManage_Handler                        0x00000275   Thumb Code     2  startup.o(RESET)
    BusFault_Handler                         0x00000277   Thumb Code     2  startup.o(RESET)
    UsageFault_Handler                       0x00000279   Thumb Code     2  startup.o(RESET)
    SVC_Handler                              0x0000027b   Thumb Code     2  startup.o(RESET)
    DebugMon_Handler                         0x0000027d   Thumb Code     2  startup.o(RESET)
    PendSV_Handler                           0x0000027f   Thumb Code     2  startup.o(RESET)
    SysTick_Handler                          0x00000281   Thumb Code     2  startup.o(RESET)
    ADC0Seq0_Handler                         0x00000283   Thumb Code     0  startup.o(RESET)
    ADC0Seq1_Handler                         0x00000283   Thumb Code     0  startup.o(RESET)
    ADC0Seq2_Handler                         0x00000283   Thumb Code     0  startup.o(RESET)
    ADC0Seq3_Handler                         0x00000283   Thumb Code     0  startup.o(RESET)
    ADC1Seq0_Handler                         0x00000283   Thumb Code     0  startup.o(RESET)
    ADC1Seq1_Handler                         0x00000283   Thumb Code     0  startup.o(RESET)
    ADC1Seq2_Handler                         0x00000283   Thumb Code     0  startup.o(RESET)
    ADC1Seq3_Handler                         0x00000283   Thumb Code     0  startup.o(RESET)
    CAN0_Handler                             0x00000283   Thumb Code     0  startup.o(RESET)
    CAN1_Handler                             0x00000283   Thumb Code     0  startup.o(RESET)
    CAN2_Handler                             0x00000283   Thumb Code     0  startup.o(RESET)
    Comp0_Handler                            0x00000283   Thumb Code     0  startup.o(RESET)
    Comp1_Handler                            0x00000283   Thumb Code     0  startup.o(RESET)
    Comp2_Handler                            0x00000283   Thumb Code     0  startup.o(RESET)
    Ethernet_Handler                         0x00000283   Thumb Code     0  startup.o(RESET)
    ExtBus_Handler                           0x00000283   Thumb Code     0  startup.o(RESET)
    FPU_Handler                              0x00000283   Thumb Code     0  startup.o(RESET)
    Fan0_Handler                             0x00000283   Thumb Code     0  startup.o(RESET)
    FlashCtl_Handler                         0x00000283   Thumb Code     0  startup.o(RESET)
    GPIOPortA_Handler                        0x00000283   Thumb Code     0  startup.o(RESET)
    GPIOPortB_Handler                        0x00000283   Thumb Code     0  startup.o(RESET)
    GPIOPortC_Handler                        0x00000283   Thumb Code     0  startup.o(RESET)
    GPIOPortD_Handler                        0x00000283   Thumb Code     0  startup.o(RESET)
    GPIOPortE_Handler                        0x00000283   Thumb Code     0  startup.o(RESET)
    GPIOPortF_Handler                        0x00000283   Thumb Code     0  startup.o(RESET)
    GPIOPortG_Handler                        0x00000283   Thumb Code     0  startup.o(RESET)
    GPIOPortH_Handler                        0x00000283   Thumb Code     0  startup.o(RESET)
    GPIOPortJ_Handler                        0x00000283   Thumb Code     0  startup.o(RESET)
    GPIOPortK_Handler                        0x00000283   Thumb Code     0  startup.o(RESET)
    GPIOPortL_Handler                        0x00000283   Thumb Code     0  startup.o(RESET)
    GPIOPortM_Handler                        0x00000283   Thumb Code     0  startup.o(RESET)
    GPIOPortN_Handler                        0x00000283   Thumb Code     0  startup.o(RESET)
    GPIOPortP1_Handler                       0x00000283   Thumb Code     0  startup.o(RESET)
    GPIOPortP2_Handler                       0x00000283   Thumb Code     0  startup.o(RESET)
    GPIOPortP3_Handler                       0x00000283   Thumb Code     0  startup.o(RESET)
    GPIOPortP4_Handler                       0x00000283   Thumb Code     0  startup.o(RESET)
    GPIOPortP5_Handler                       0x00000283   Thumb Code     0  startup.o(RESET)
    GPIOPortP6_Handler                       0x00000283   Thumb Code     0  startup.o(RESET)
    GPIOPortP7_Handler                       0x00000283   Thumb Code     0  startup.o(RESET)
    GPIOPortP_Handler                        0x00000283   Thumb Code     0  startup.o(RESET)
    GPIOPortQ1_Handler                       0x00000283   Thumb Code     0  startup.o(RESET)
    GPIOPortQ2_Handler                       0x00000283   Thumb Code     0  startup.o(RESET)
    GPIOPortQ3_Handler                       0x00000283   Thumb Code     0  startup.o(RESET)
    GPIOPortQ4_Handler                       0x00000283   Thumb Code     0  startup.o(RESET)
    GPIOPortQ5_Handler                       0x00000283   Thumb Code     0  startup.o(RESET)
    GPIOPortQ6_Handler                       0x00000283   Thumb Code     0  startup.o(RESET)
    GPIOPortQ7_Handler                       0x00000283   Thumb Code     0  startup.o(RESET)
    GPIOPortQ_Handler                        0x00000283   Thumb Code     0  startup.o(RESET)
    GPIOPortR_Handler                        0x00000283   Thumb Code     0  startup.o(RESET)
    GPIOPortS_Handler                        0x00000283   Thumb Code     0  startup.o(RESET)
    Hibernate_Handler                        0x00000283   Thumb Code     0  startup.o(RESET)
    I2C0_Handler                             0x00000283   Thumb Code     0  startup.o(RESET)
    I2C1_Handler                             0x00000283   Thumb Code     0  startup.o(RESET)
    I2C2_Handler                             0x00000283   Thumb Code     0  startup.o(RESET)
    I2C3_Handler                             0x00000283   Thumb Code     0  startup.o(RESET)
    I2C4_Handler                             0x00000283   Thumb Code     0  startup.o(RESET)
    I2C5_Handler                             0x00000283   Thumb Code     0  startup.o(RESET)
    I2S0_Handler                             0x00000283   Thumb Code     0  startup.o(RESET)
    LPC0_Handler                             0x00000283   Thumb Code     0  startup.o(RESET)
    PECI0_Handler                            0x00000283   Thumb Code     0  startup.o(RESET)
    PWM0Fault_Handler                        0x00000283   Thumb Code     0  startup.o(RESET)
    PWM0Generator0_Handler                   0x00000283   Thumb Code     0  startup.o(RESET)
    PWM0Generator1_Handler                   0x00000283   Thumb Code     0  startup.o(RESET)
    PWM0Generator2_Handler                   0x00000283   Thumb Code     0  startup.o(RESET)
    PWM0Generator3_Handler                   0x00000283   Thumb Code     0  startup.o(RESET)
    PWM1Fault_Handler                        0x00000283   Thumb Code     0  startup.o(RESET)
    PWM1Generator0_Handler                   0x00000283   Thumb Code     0  startup.o(RESET)
    PWM1Generator1_Handler                   0x00000283   Thumb Code     0  startup.o(RESET)
    PWM1Generator2_Handler                   0x00000283   Thumb Code     0  startup.o(RESET)
    PWM1Generator3_Handler                   0x00000283   Thumb Code     0  startup.o(RESET)
    Quadrature0_Handler                      0x00000283   Thumb Code     0  startup.o(RESET)
    Quadrature1_Handler                      0x00000283   Thumb Code     0  startup.o(RESET)
    Quadrature2_Handler                      0x00000283   Thumb Code     0  startup.o(RESET)
    SSI0_Handler                             0x00000283   Thumb Code     0  startup.o(RESET)
    SSI1_Handler                             0x00000283   Thumb Code     0  startup.o(RESET)
    SSI2_Handler                             0x00000283   Thumb Code     0  startup.o(RESET)
    SSI3_Handler                             0x00000283   Thumb Code     0  startup.o(RESET)
    SysCtl_Handler                           0x00000283   Thumb Code     0  startup.o(RESET)
    Timer0B_Handler                          0x00000283   Thumb Code     0  startup.o(RESET)
    Timer1B_Handler                          0x00000283   Thumb Code     0  startup.o(RESET)
    Timer2A_Handler                          0x00000283   Thumb Code     0  startup.o(RESET)
    Timer2B_Handler                          0x00000283   Thumb Code     0  startup.o(RESET)
    Timer3A_Handler                          0x00000283   Thumb Code     0  startup.o(RESET)
    Timer3B_Handler                          0x00000283   Thumb Code     0  startup.o(RESET)
    Timer4A_Handler                          0x00000283   Thumb Code     0  startup.o(RESET)
    Timer4B_Handler                          0x00000283   Thumb Code     0  startup.o(RESET)
    Timer5B_Handler                          0x00000283   Thumb Code     0  startup.o(RESET)
    UART0_Handler                            0x00000283   Thumb Code     0  startup.o(RESET)
    UART1_Handler                            0x00000283   Thumb Code     0  startup.o(RESET)
    UART2_Handler                            0x00000283   Thumb Code     0  startup.o(RESET)
    UART3_Handler                            0x00000283   Thumb Code     0  startup.o(RESET)
    UART4_Handler                            0x00000283   Thumb Code     0  startup.o(RESET)
    UART5_Handler                            0x00000283   Thumb Code     0  startup.o(RESET)
    UART6_Handler                            0x00000283   Thumb Code     0  startup.o(RESET)
    UART7_Handler                            0x00000283   Thumb Code     0  startup.o(RESET)
    USB0_Handler                             0x00000283   Thumb Code     0  startup.o(RESET)
    WDT_Handler                              0x00000283   Thumb Code     0  startup.o(RESET)
    WideTimer0A_Handler                      0x00000283   Thumb Code     0  startup.o(RESET)
    WideTimer0B_Handler                      0x00000283   Thumb Code     0  startup.o(RESET)
    WideTimer1A_Handler                      0x00000283   Thumb Code     0  startup.o(RESET)
    WideTimer1B_Handler                      0x00000283   Thumb Code     0  startup.o(RESET)
    WideTimer2A_Handler                      0x00000283   Thumb Code     0  startup.o(RESET)
    WideTimer2B_Handler                      0x00000283   Thumb Code     0  startup.o(RESET)
    WideTimer3A_Handler                      0x00000283   Thumb Code     0  startup.o(RESET)
    WideTimer3B_Handler                      0x00000283   Thumb Code     0  startup.o(RESET)
    WideTimer4A_Handler                      0x00000283   Thumb Code     0  startup.o(RESET)
    WideTimer4B_Handler                      0x00000283   Thumb Code     0  startup.o(RESET)
    WideTimer5A_Handler                      0x00000283   Thumb Code     0  startup.o(RESET)
    WideTimer5B_Handler                      0x00000283   Thumb Code     0  startup.o(RESET)
    uDMA_Error                               0x00000283   Thumb Code     0  startup.o(RESET)
    uDMA_Handler                             0x00000283   Thumb Code     0  startup.o(RESET)
    __main                                   0x00000285   Thumb Code     8  __main.o(!!!main)
    __scatterload                            0x0000028d   Thumb Code     0  __scatter.o(!!!scatter)
    __scatterload_rt2                        0x0000028d   Thumb Code    44  __scatter.o(!!!scatter)
    __scatterload_rt2_thumb_only             0x0000028d   Thumb Code     0  __scatter.o(!!!scatter)
    __scatterload_null                       0x0000029b   Thumb Code     0  __scatter.o(!!!scatter)
    __scatterload_copy                       0x000002c1   Thumb Code    26  __scatter_copy.o(!!handler_copy)
    __scatterload_zeroinit                   0x000002dd   Thumb Code    28  __scatter_zi.o(!!handler_zi)
    __rt_lib_init                            0x000002f9   Thumb Code     0  libinit.o(.ARM.Collect$$libinit$$00000000)
    __rt_lib_init_alloca_1                   0x000002fb   Thumb Code     0  libinit2.o(.ARM.Collect$$libinit$$0000002E)
    __rt_lib_init_argv_1                     0x000002fb   Thumb Code     0  libinit2.o(.ARM.Collect$$libinit$$0000002C)
    __rt_lib_init_atexit_1                   0x000002fb   Thumb Code     0  libinit2.o(.ARM.Collect$$libinit$$0000001B)
    __rt_lib_init_clock_1                    0x000002fb   Thumb Code     0  libinit2.o(.ARM.Collect$$libinit$$00000021)
    __rt_lib_init_cpp_1                      0x000002fb   Thumb Code     0  libinit2.o(.ARM.Collect$$libinit$$00000032)
    __rt_lib_init_exceptions_1               0x000002fb   Thumb Code     0  libinit2.o(.ARM.Collect$$libinit$$00000030)
    __rt_lib_init_fp_1                       0x000002fb   Thumb Code     0  libinit2.o(.ARM.Collect$$libinit$$00000002)
    __rt_lib_init_fp_trap_1                  0x000002fb   Thumb Code     0  libinit2.o(.ARM.Collect$$libinit$$0000001F)
    __rt_lib_init_getenv_1                   0x000002fb   Thumb Code     0  libinit2.o(.ARM.Collect$$libinit$$00000023)
    __rt_lib_init_heap_1                     0x000002fb   Thumb Code     0  libinit2.o(.ARM.Collect$$libinit$$0000000A)
    __rt_lib_init_lc_collate_1               0x000002fb   Thumb Code     0  libinit2.o(.ARM.Collect$$libinit$$00000011)
    __rt_lib_init_lc_ctype_1                 0x000002fb   Thumb Code     0  libinit2.o(.ARM.Collect$$libinit$$00000013)
    __rt_lib_init_lc_monetary_1              0x000002fb   Thumb Code     0  libinit2.o(.ARM.Collect$$libinit$$00000015)
    __rt_lib_init_lc_numeric_1               0x000002fb   Thumb Code     0  libinit2.o(.ARM.Collect$$libinit$$00000017)
    __rt_lib_init_lc_time_1                  0x000002fb   Thumb Code     0  libinit2.o(.ARM.Collect$$libinit$$00000019)
    __rt_lib_init_preinit_1                  0x000002fb   Thumb Code     0  libinit2.o(.ARM.Collect$$libinit$$00000004)
    __rt_lib_init_rand_1                     0x000002fb   Thumb Code     0  libinit2.o(.ARM.Collect$$libinit$$0000000E)
    __rt_lib_init_return                     0x000002fb   Thumb Code     0  libinit2.o(.ARM.Collect$$libinit$$00000033)
    __rt_lib_init_signal_1                   0x000002fb   Thumb Code     0  libinit2.o(.ARM.Collect$$libinit$$0000001D)
    __rt_lib_init_stdio_1                    0x000002fb   Thumb Code     0  libinit2.o(.ARM.Collect$$libinit$$00000025)
    __rt_lib_init_user_alloc_1               0x000002fb   Thumb Code     0  libinit2.o(.ARM.Collect$$libinit$$0000000C)
    __rt_lib_shutdown                        0x000002fd   Thumb Code     0  libshutdown.o(.ARM.Collect$$libshutdown$$00000000)
    __rt_lib_shutdown_cpp_1                  0x000002ff   Thumb Code     0  libshutdown2.o(.ARM.Collect$$libshutdown$$00000004)
    __rt_lib_shutdown_fini_1                 0x000002ff   Thumb Code     0  libshutdown2.o(.ARM.Collect$$libshutdown$$00000002)
    __rt_lib_shutdown_fp_trap_1              0x000002ff   Thumb Code     0  libshutdown2.o(.ARM.Collect$$libshutdown$$00000009)
    __rt_lib_shutdown_heap_1                 0x000002ff   Thumb Code     0  libshutdown2.o(.ARM.Collect$$libshutdown$$00000011)
    __rt_lib_shutdown_return                 0x000002ff   Thumb Code     0  libshutdown2.o(.ARM.Collect$$libshutdown$$00000012)
    __rt_lib_shutdown_signal_1               0x000002ff   Thumb Code     0  libshutdown2.o(.ARM.Collect$$libshutdown$$0000000C)
    __rt_lib_shutdown_stdio_1                0x000002ff   Thumb Code     0  libshutdown2.o(.ARM.Collect$$libshutdown$$00000006)
    __rt_lib_shutdown_user_alloc_1           0x000002ff   Thumb Code     0  libshutdown2.o(.ARM.Collect$$libshutdown$$0000000E)
    __rt_entry                               0x00000301   Thumb Code     0  __rtentry.o(.ARM.Collect$$rtentry$$00000000)
    __rt_entry_presh_1                       0x00000301   Thumb Code     0  __rtentry2.o(.ARM.Collect$$rtentry$$00000002)
    __rt_entry_sh                            0x00000301   Thumb Code     0  __rtentry4.o(.ARM.Collect$$rtentry$$00000004)
    __rt_entry_li                            0x00000307   Thumb Code     0  __rtentry2.o(.ARM.Collect$$rtentry$$0000000A)
    __rt_entry_postsh_1                      0x00000307   Thumb Code     0  __rtentry2.o(.ARM.Collect$$rtentry$$00000009)
    __rt_entry_main                          0x0000030b   Thumb Code     0  __rtentry2.o(.ARM.Collect$$rtentry$$0000000D)
    __rt_entry_postli_1                      0x0000030b   Thumb Code     0  __rtentry2.o(.ARM.Collect$$rtentry$$0000000C)
    __rt_exit                                0x00000313   Thumb Code     0  rtexit.o(.ARM.Collect$$rtexit$$00000000)
    __rt_exit_ls                             0x00000315   Thumb Code     0  rtexit2.o(.ARM.Collect$$rtexit$$00000003)
    __rt_exit_prels_1                        0x00000315   Thumb Code     0  rtexit2.o(.ARM.Collect$$rtexit$$00000002)
    __rt_exit_exit                           0x00000319   Thumb Code     0  rtexit2.o(.ARM.Collect$$rtexit$$00000004)
    DisableInterrupts                        0x00000321   Thumb Code     0  startup.o(.text)
    EnableInterrupts                         0x00000325   Thumb Code     0  startup.o(.text)
    StartCritical                            0x00000329   Thumb Code     0  startup.o(.text)
    EndCritical                              0x00000331   Thumb Code     0  startup.o(.text)
    WaitForInterrupt                         0x00000337   Thumb Code     0  startup.o(.text)
    __user_initial_stackheap                 0x0000033b   Thumb Code     0  startup.o(.text)
    Random_Init                              0x00000351   Thumb Code     0  random.o(.text)
    Random32                                 0x00000357   Thumb Code     2  random.o(.text)
    Random                                   0x00000369   Thumb Code     2  random.o(.text)
    SPIOutCommand                            0x0000038d   Thumb Code     0  busywait.o(.text)
    SPIOutData                               0x000003b5   Thumb Code     0  busywait.o(.text)
    Dec2String                               0x000003d5   Thumb Code     0  stringconversion.o(.text)
    Fix2String                               0x00000449   Thumb Code     0  stringconversion.o(.text)
    __use_two_region_memory                  0x00000561   Thumb Code     2  heapauxi.o(.text)
    __rt_heap_escrow$2region                 0x00000563   Thumb Code     2  heapauxi.o(.text)
    __rt_heap_expand$2region                 0x00000565   Thumb Code     2  heapauxi.o(.text)
    __user_setup_stackheap                   0x00000567   Thumb Code    74  sys_stackheap_outer.o(.text)
    exit                                     0x000005b1   Thumb Code    18  exit.o(.text)
    __user_libspace                          0x000005c5   Thumb Code     8  libspace.o(.text)
    __user_perproc_libspace                  0x000005c5   Thumb Code     0  libspace.o(.text)
    __user_perthread_libspace                0x000005c5   Thumb Code     0  libspace.o(.text)
    _sys_exit                                0x000005cd   Thumb Code     8  sys_exit.o(.text)
    __I$use$semihosting                      0x000005d9   Thumb Code     0  use_no_semi.o(.text)
    __use_no_semihosting_swi                 0x000005d9   Thumb Code     2  use_no_semi.o(.text)
    __semihosting_library_function           0x000005db   Thumb Code     0  indicate_semi.o(.text)
    ADC1_Init                                0x000005dd   Thumb Code   176  texas.o(i.ADC1_Init)
    ADC_In                                   0x000006a5   Thumb Code    38  adc.o(i.ADC_In)
    ADC_Init                                 0x000006d1   Thumb Code   186  adc.o(i.ADC_Init)
    CheckAllDead                             0x000007a5   Thumb Code    16  spaceinvaders.o(i.CheckAllDead)
    Collision                                0x000007b9   Thumb Code   206  spaceinvaders.o(i.Collision)
    DAC_Init                                 0x00000899   Thumb Code    74  dac.o(i.DAC_Init)
    DAC_Out                                  0x000008f1   Thumb Code     6  dac.o(i.DAC_Out)
    Delay1ms                                 0x000008fd   Thumb Code    32  st7735.o(i.Delay1ms)
    Draw                                     0x0000091d   Thumb Code   386  spaceinvaders.o(i.Draw)
    Gameover                                 0x00000ab9   Thumb Code    82  spaceinvaders.o(i.Gameover)
    Gamestart                                0x00000b31   Thumb Code    50  spaceinvaders.o(i.Gamestart)
    LogicAnalyzerA                           0x00000b71   Thumb Code    16  texas.o(i.LogicAnalyzerA)
    LogicAnalyzerB                           0x00000b89   Thumb Code    14  texas.o(i.LogicAnalyzerB)
    LogicAnalyzerC                           0x00000ba1   Thumb Code    16  texas.o(i.LogicAnalyzerC)
    LogicAnalyzerE                           0x00000bb9   Thumb Code    14  texas.o(i.LogicAnalyzerE)
    LogicAnalyzerF                           0x00000bd1   Thumb Code    14  texas.o(i.LogicAnalyzerF)
    Move                                     0x00000be9   Thumb Code   176  spaceinvaders.o(i.Move)
    Output_Init                              0x00000ca1   Thumb Code    16  st7735.o(i.Output_Init)
    PLL_Init                                 0x00000cb1   Thumb Code   120  pll.o(i.PLL_Init)
    PauseCheck                               0x00000d2d   Thumb Code    52  spaceinvaders.o(i.PauseCheck)
    PeriodicTask2_Init                       0x00000d6d   Thumb Code   128  texas.o(i.PeriodicTask2_Init)
    PortE_Init                               0x00000e01   Thumb Code    52  spaceinvaders.o(i.PortE_Init)
    ProcessInput                             0x00000e45   Thumb Code   110  spaceinvaders.o(i.ProcessInput)
    ST7735_DrawBitmap                        0x00000ec5   Thumb Code   280  st7735.o(i.ST7735_DrawBitmap)
    ST7735_DrawCharS                         0x00000fe5   Thumb Code   236  st7735.o(i.ST7735_DrawCharS)
    ST7735_DrawPixel                         0x000010dd   Thumb Code    64  st7735.o(i.ST7735_DrawPixel)
    ST7735_DrawString                        0x00001125   Thumb Code    84  st7735.o(i.ST7735_DrawString)
    ST7735_FillRect                          0x00001179   Thumb Code   164  st7735.o(i.ST7735_FillRect)
    ST7735_FillScreen                        0x00001225   Thumb Code    28  st7735.o(i.ST7735_FillScreen)
    ST7735_InitR                             0x00001249   Thumb Code    90  st7735.o(i.ST7735_InitR)
    ST7735_OutChar                           0x000012c5   Thumb Code   176  st7735.o(i.ST7735_OutChar)
    ST7735_OutString                         0x00001399   Thumb Code    22  st7735.o(i.ST7735_OutString)
    ST7735_OutUDec                           0x000013b1   Thumb Code   116  st7735.o(i.ST7735_OutUDec)
    ST7735_SetCursor                         0x00001435   Thumb Code    22  st7735.o(i.ST7735_SetCursor)
    Scope                                    0x00001455   Thumb Code    12  texas.o(i.Scope)
    Sound_Explosion                          0x00001469   Thumb Code    14  sound.o(i.Sound_Explosion)
    Sound_Init                               0x0000147d   Thumb Code    24  sound.o(i.Sound_Init)
    Sound_Killed                             0x00001499   Thumb Code    14  sound.o(i.Sound_Killed)
    Sound_Shoot                              0x000014ad   Thumb Code    14  sound.o(i.Sound_Shoot)
    Sound_Start                              0x000014c1   Thumb Code    18  sound.o(i.Sound_Start)
    TExaS_Init                               0x000014e1   Thumb Code   214  texas.o(i.TExaS_Init)
    Timer0A_Handler                          0x000015d9   Thumb Code    64  sound.o(i.Timer0A_Handler)
    Timer0_Init                              0x00001629   Thumb Code    78  timer0.o(i.Timer0_Init)
    Timer1A_Handler                          0x00001689   Thumb Code    92  spaceinvaders.o(i.Timer1A_Handler)
    Timer1_Init                              0x00001701   Thumb Code    78  timer1.o(i.Timer1_Init)
    Timer5A_Handler                          0x00001761   Thumb Code    16  texas.o(i.Timer5A_Handler)
    UART0_Init                               0x00001779   Thumb Code   118  texas.o(i.UART0_Init)
    init                                     0x000019e1   Thumb Code   160  spaceinvaders.o(i.init)
    main                                     0x00001a9d   Thumb Code   122  spaceinvaders.o(i.main)
    writecommand                             0x00001bb1   Thumb Code    18  st7735.o(i.writecommand)
    writedata                                0x00001bcd   Thumb Code    18  st7735.o(i.writedata)
    shoot                                    0x00001be8   Data        4080  sound.o(.constdata)
    invaderkilled                            0x00002bd8   Data        3377  sound.o(.constdata)
    explosion                                0x00003909   Data        2000  sound.o(.constdata)
    fastinvader1                             0x000040d9   Data         982  sound.o(.constdata)
    fastinvader2                             0x000044af   Data        1042  sound.o(.constdata)
    fastinvader3                             0x000048c1   Data        1054  sound.o(.constdata)
    fastinvader4                             0x00004cdf   Data        1098  sound.o(.constdata)
    highpitch                                0x00005129   Data        1802  sound.o(.constdata)
    SmallEnemy10pointA                       0x00005834   Data         320  spaceinvaders.o(.constdata)
    PlayerBlack                              0x00005974   Data         288  spaceinvaders.o(.constdata)
    EnemyBlack                               0x00005a94   Data         288  spaceinvaders.o(.constdata)
    BB                                       0x00005bb4   Data        1656  spaceinvaders.o(.constdata)
    SmallEnemy10pointB                       0x0000622c   Data         320  spaceinvaders.o(.constdata)
    SmallEnemy20pointA                       0x0000636c   Data         320  spaceinvaders.o(.constdata)
    SmallEnemy20pointB                       0x000064ac   Data         320  spaceinvaders.o(.constdata)
    SmallEnemy30pointA                       0x000065ec   Data         320  spaceinvaders.o(.constdata)
    SmallEnemy30pointB                       0x0000672c   Data         320  spaceinvaders.o(.constdata)
    PlayerShip0                              0x0000686c   Data         288  spaceinvaders.o(.constdata)
    PlayerShip1                              0x0000698c   Data         288  spaceinvaders.o(.constdata)
    PlayerShip2                              0x00006aac   Data         288  spaceinvaders.o(.constdata)
    PlayerShip3                              0x00006bcc   Data         288  spaceinvaders.o(.constdata)
    Bunker0                                  0x00006cec   Data         180  spaceinvaders.o(.constdata)
    ball                                     0x00006da0   Data          32  spaceinvaders.o(.constdata)
    laser                                    0x00006dc0   Data          48  spaceinvaders.o(.constdata)
    blacklaser                               0x00006df0   Data          48  spaceinvaders.o(.constdata)
    Hello_English                            0x00006e20   Data           6  spaceinvaders.o(.constdata)
    Hello_Spanish                            0x00006e26   Data           7  spaceinvaders.o(.constdata)
    Hello_Portuguese                         0x00006e2d   Data           4  spaceinvaders.o(.constdata)
    Hello_French                             0x00006e31   Data           5  spaceinvaders.o(.constdata)
    Goodbye_English                          0x00006e36   Data           8  spaceinvaders.o(.constdata)
    Goodbye_Spanish                          0x00006e3e   Data           6  spaceinvaders.o(.constdata)
    Goodbye_Portuguese                       0x00006e44   Data           6  spaceinvaders.o(.constdata)
    Goodbye_French                           0x00006e4a   Data          10  spaceinvaders.o(.constdata)
    Language_English                         0x00006e54   Data           8  spaceinvaders.o(.constdata)
    Language_Spanish                         0x00006e5c   Data           8  spaceinvaders.o(.constdata)
    Language_Portuguese                      0x00006e64   Data          10  spaceinvaders.o(.constdata)
    Language_French                          0x00006e6e   Data           9  spaceinvaders.o(.constdata)
    smallCircle                              0x0000745a   Data          36  st7735.o(.constdata)
    circle                                   0x0000747e   Data          60  st7735.o(.constdata)
    dBfs                                     0x000074ba   Data         512  st7735.o(.constdata)
    Region$$Table$$Base                      0x0000770c   Number         0  anon$$obj.o(Region$$Table)
    Region$$Table$$Limit                     0x0000772c   Number         0  anon$$obj.o(Region$$Table)
    Length                                   0x20000000   Data           4  sound.o(.data)
    SoundPt                                  0x20000004   Data           4  sound.o(.data)
    KillFlag                                 0x20000008   Data           4  spaceinvaders.o(.data)
    score                                    0x2000000c   Data           4  spaceinvaders.o(.data)
    LastP                                    0x20000010   Data           4  spaceinvaders.o(.data)
    PauseFlag                                0x20000014   Data           4  spaceinvaders.o(.data)
    Data                                     0x20000018   Data           4  spaceinvaders.o(.data)
    Position                                 0x2000001c   Data           4  spaceinvaders.o(.data)
    OldPosition                              0x20000020   Data           4  spaceinvaders.o(.data)
    Lang                                     0x20000024   Data           4  spaceinvaders.o(.data)
    Count                                    0x20000028   Data           4  spaceinvaders.o(.data)
    Flag                                     0x2000002c   Data           4  spaceinvaders.o(.data)
    LastE                                    0x20000030   Data           4  spaceinvaders.o(.data)
    myLanguage                               0x20000034   Data           1  spaceinvaders.o(.data)
    Phrases                                  0x20000038   Data          48  spaceinvaders.o(.data)
    PeriodicTask2                            0x20000068   Data           4  texas.o(.data)
    StX                                      0x2000006c   Data           4  st7735.o(.data)
    StY                                      0x20000070   Data           4  st7735.o(.data)
    StTextColor                              0x20000074   Data           2  st7735.o(.data)
    Messageindex                             0x20000080   Data           4  st7735.o(.data)
    Ymax                                     0x20000084   Data           4  st7735.o(.data)
    Ymin                                     0x20000088   Data           4  st7735.o(.data)
    X                                        0x2000008c   Data           4  st7735.o(.data)
    Yrange                                   0x20000090   Data           4  st7735.o(.data)
    lastj                                    0x20000094   Data           4  st7735.o(.data)
    Enemies                                  0x2000009c   Data          60  spaceinvaders.o(.bss)
    Bullets                                  0x200000d8   Data         720  spaceinvaders.o(.bss)
    Message                                  0x200003a8   Data          12  st7735.o(.bss)
    __libspace_start                         0x200003b4   Data          96  libspace.o(.bss)
    __temporary_stack_top$libspace           0x20000414   Data           0  libspace.o(.bss)



==============================================================================

Memory Map of the image

  Image Entry point : 0x0000026d

  Load Region LR_1 (Base: 0x00000000, Size: 0x000077c8, Max: 0xffffffff, ABSOLUTE)

    Execution Region ER_RO (Exec base: 0x00000000, Load base: 0x00000000, Size: 0x0000772c, Max: 0xffffffff, ABSOLUTE)

    Exec Addr    Load Addr    Size         Type   Attr      Idx    E Section Name        Object

    0x00000000   0x00000000   0x00000284   Code   RO            3  * RESET               startup.o
    0x00000284   0x00000284   0x00000008   Code   RO          716  * !!!main             c_w.l(__main.o)
    0x0000028c   0x0000028c   0x00000034   Code   RO          875    !!!scatter          c_w.l(__scatter.o)
    0x000002c0   0x000002c0   0x0000001a   Code   RO          877    !!handler_copy      c_w.l(__scatter_copy.o)
    0x000002da   0x000002da   0x00000002   PAD
    0x000002dc   0x000002dc   0x0000001c   Code   RO          879    !!handler_zi        c_w.l(__scatter_zi.o)
    0x000002f8   0x000002f8   0x00000002   Code   RO          743    .ARM.Collect$$libinit$$00000000  c_w.l(libinit.o)
    0x000002fa   0x000002fa   0x00000000   Code   RO          750    .ARM.Collect$$libinit$$00000002  c_w.l(libinit2.o)
    0x000002fa   0x000002fa   0x00000000   Code   RO          752    .ARM.Collect$$libinit$$00000004  c_w.l(libinit2.o)
    0x000002fa   0x000002fa   0x00000000   Code   RO          755    .ARM.Collect$$libinit$$0000000A  c_w.l(libinit2.o)
    0x000002fa   0x000002fa   0x00000000   Code   RO          757    .ARM.Collect$$libinit$$0000000C  c_w.l(libinit2.o)
    0x000002fa   0x000002fa   0x00000000   Code   RO          759    .ARM.Collect$$libinit$$0000000E  c_w.l(libinit2.o)
    0x000002fa   0x000002fa   0x00000000   Code   RO          762    .ARM.Collect$$libinit$$00000011  c_w.l(libinit2.o)
    0x000002fa   0x000002fa   0x00000000   Code   RO          764    .ARM.Collect$$libinit$$00000013  c_w.l(libinit2.o)
    0x000002fa   0x000002fa   0x00000000   Code   RO          766    .ARM.Collect$$libinit$$00000015  c_w.l(libinit2.o)
    0x000002fa   0x000002fa   0x00000000   Code   RO          768    .ARM.Collect$$libinit$$00000017  c_w.l(libinit2.o)
    0x000002fa   0x000002fa   0x00000000   Code   RO          770    .ARM.Collect$$libinit$$00000019  c_w.l(libinit2.o)
    0x000002fa   0x000002fa   0x00000000   Code   RO          772    .ARM.Collect$$libinit$$0000001B  c_w.l(libinit2.o)
    0x000002fa   0x000002fa   0x00000000   Code   RO          774    .ARM.Collect$$libinit$$0000001D  c_w.l(libinit2.o)
    0x000002fa   0x000002fa   0x00000000   Code   RO          776    .ARM.Collect$$libinit$$0000001F  c_w.l(libinit2.o)
    0x000002fa   0x000002fa   0x00000000   Code   RO          778    .ARM.Collect$$libinit$$00000021  c_w.l(libinit2.o)
    0x000002fa   0x000002fa   0x00000000   Code   RO          780    .ARM.Collect$$libinit$$00000023  c_w.l(libinit2.o)
    0x000002fa   0x000002fa   0x00000000   Code   RO          782    .ARM.Collect$$libinit$$00000025  c_w.l(libinit2.o)
    0x000002fa   0x000002fa   0x00000000   Code   RO          786    .ARM.Collect$$libinit$$0000002C  c_w.l(libinit2.o)
    0x000002fa   0x000002fa   0x00000000   Code   RO          788    .ARM.Collect$$libinit$$0000002E  c_w.l(libinit2.o)
    0x000002fa   0x000002fa   0x00000000   Code   RO          790    .ARM.Collect$$libinit$$00000030  c_w.l(libinit2.o)
    0x000002fa   0x000002fa   0x00000000   Code   RO          792    .ARM.Collect$$libinit$$00000032  c_w.l(libinit2.o)
    0x000002fa   0x000002fa   0x00000002   Code   RO          793    .ARM.Collect$$libinit$$00000033  c_w.l(libinit2.o)
    0x000002fc   0x000002fc   0x00000002   Code   RO          813    .ARM.Collect$$libshutdown$$00000000  c_w.l(libshutdown.o)
    0x000002fe   0x000002fe   0x00000000   Code   RO          826    .ARM.Collect$$libshutdown$$00000002  c_w.l(libshutdown2.o)
    0x000002fe   0x000002fe   0x00000000   Code   RO          828    .ARM.Collect$$libshutdown$$00000004  c_w.l(libshutdown2.o)
    0x000002fe   0x000002fe   0x00000000   Code   RO          830    .ARM.Collect$$libshutdown$$00000006  c_w.l(libshutdown2.o)
    0x000002fe   0x000002fe   0x00000000   Code   RO          833    .ARM.Collect$$libshutdown$$00000009  c_w.l(libshutdown2.o)
    0x000002fe   0x000002fe   0x00000000   Code   RO          836    .ARM.Collect$$libshutdown$$0000000C  c_w.l(libshutdown2.o)
    0x000002fe   0x000002fe   0x00000000   Code   RO          838    .ARM.Collect$$libshutdown$$0000000E  c_w.l(libshutdown2.o)
    0x000002fe   0x000002fe   0x00000000   Code   RO          841    .ARM.Collect$$libshutdown$$00000011  c_w.l(libshutdown2.o)
    0x000002fe   0x000002fe   0x00000002   Code   RO          842    .ARM.Collect$$libshutdown$$00000012  c_w.l(libshutdown2.o)
    0x00000300   0x00000300   0x00000000   Code   RO          718    .ARM.Collect$$rtentry$$00000000  c_w.l(__rtentry.o)
    0x00000300   0x00000300   0x00000000   Code   RO          720    .ARM.Collect$$rtentry$$00000002  c_w.l(__rtentry2.o)
    0x00000300   0x00000300   0x00000006   Code   RO          732    .ARM.Collect$$rtentry$$00000004  c_w.l(__rtentry4.o)
    0x00000306   0x00000306   0x00000000   Code   RO          722    .ARM.Collect$$rtentry$$00000009  c_w.l(__rtentry2.o)
    0x00000306   0x00000306   0x00000004   Code   RO          723    .ARM.Collect$$rtentry$$0000000A  c_w.l(__rtentry2.o)
    0x0000030a   0x0000030a   0x00000000   Code   RO          725    .ARM.Collect$$rtentry$$0000000C  c_w.l(__rtentry2.o)
    0x0000030a   0x0000030a   0x00000008   Code   RO          726    .ARM.Collect$$rtentry$$0000000D  c_w.l(__rtentry2.o)
    0x00000312   0x00000312   0x00000002   Code   RO          747    .ARM.Collect$$rtexit$$00000000  c_w.l(rtexit.o)
    0x00000314   0x00000314   0x00000000   Code   RO          795    .ARM.Collect$$rtexit$$00000002  c_w.l(rtexit2.o)
    0x00000314   0x00000314   0x00000004   Code   RO          796    .ARM.Collect$$rtexit$$00000003  c_w.l(rtexit2.o)
    0x00000318   0x00000318   0x00000006   Code   RO          797    .ARM.Collect$$rtexit$$00000004  c_w.l(rtexit2.o)
    0x0000031e   0x0000031e   0x00000002   PAD
    0x00000320   0x00000320   0x00000030   Code   RO            4    .text               startup.o
    0x00000350   0x00000350   0x0000003c   Code   RO           13    .text               random.o
    0x0000038c   0x0000038c   0x00000048   Code   RO          706    .text               busywait.o
    0x000003d4   0x000003d4   0x0000018c   Code   RO          709    .text               stringconversion.o
    0x00000560   0x00000560   0x00000006   Code   RO          714    .text               c_w.l(heapauxi.o)
    0x00000566   0x00000566   0x0000004a   Code   RO          734    .text               c_w.l(sys_stackheap_outer.o)
    0x000005b0   0x000005b0   0x00000012   Code   RO          736    .text               c_w.l(exit.o)
    0x000005c2   0x000005c2   0x00000002   PAD
    0x000005c4   0x000005c4   0x00000008   Code   RO          744    .text               c_w.l(libspace.o)
    0x000005cc   0x000005cc   0x0000000c   Code   RO          805    .text               c_w.l(sys_exit.o)
    0x000005d8   0x000005d8   0x00000002   Code   RO          816    .text               c_w.l(use_no_semi.o)
    0x000005da   0x000005da   0x00000000   Code   RO          818    .text               c_w.l(indicate_semi.o)
    0x000005da   0x000005da   0x00000002   PAD
    0x000005dc   0x000005dc   0x000000c8   Code   RO          246    i.ADC1_Init         texas.o
    0x000006a4   0x000006a4   0x0000002c   Code   RO          354    i.ADC_In            adc.o
    0x000006d0   0x000006d0   0x000000d4   Code   RO          355    i.ADC_Init          adc.o
    0x000007a4   0x000007a4   0x00000014   Code   RO          132    i.CheckAllDead      spaceinvaders.o
    0x000007b8   0x000007b8   0x000000e0   Code   RO          133    i.Collision         spaceinvaders.o
    0x00000898   0x00000898   0x00000058   Code   RO          375    i.DAC_Init          dac.o
    0x000008f0   0x000008f0   0x0000000c   Code   RO          376    i.DAC_Out           dac.o
    0x000008fc   0x000008fc   0x00000020   Code   RO          408    i.Delay1ms          st7735.o
    0x0000091c   0x0000091c   0x0000019c   Code   RO          135    i.Draw              spaceinvaders.o
    0x00000ab8   0x00000ab8   0x00000078   Code   RO          136    i.Gameover          spaceinvaders.o
    0x00000b30   0x00000b30   0x00000040   Code   RO          137    i.Gamestart         spaceinvaders.o
    0x00000b70   0x00000b70   0x00000018   Code   RO          247    i.LogicAnalyzerA    texas.o
    0x00000b88   0x00000b88   0x00000018   Code   RO          248    i.LogicAnalyzerB    texas.o
    0x00000ba0   0x00000ba0   0x00000018   Code   RO          249    i.LogicAnalyzerC    texas.o
    0x00000bb8   0x00000bb8   0x00000018   Code   RO          250    i.LogicAnalyzerE    texas.o
    0x00000bd0   0x00000bd0   0x00000018   Code   RO          251    i.LogicAnalyzerF    texas.o
    0x00000be8   0x00000be8   0x000000b8   Code   RO          138    i.Move              spaceinvaders.o
    0x00000ca0   0x00000ca0   0x00000010   Code   RO          411    i.Output_Init       st7735.o
    0x00000cb0   0x00000cb0   0x0000007c   Code   RO          393    i.PLL_Init          pll.o
    0x00000d2c   0x00000d2c   0x00000040   Code   RO          139    i.PauseCheck        spaceinvaders.o
    0x00000d6c   0x00000d6c   0x00000094   Code   RO          252    i.PeriodicTask2_Init  texas.o
    0x00000e00   0x00000e00   0x00000044   Code   RO          140    i.PortE_Init        spaceinvaders.o
    0x00000e44   0x00000e44   0x00000080   Code   RO          141    i.ProcessInput      spaceinvaders.o
    0x00000ec4   0x00000ec4   0x00000120   Code   RO          415    i.ST7735_DrawBitmap  st7735.o
    0x00000fe4   0x00000fe4   0x000000f8   Code   RO          417    i.ST7735_DrawCharS  st7735.o
    0x000010dc   0x000010dc   0x00000048   Code   RO          421    i.ST7735_DrawPixel  st7735.o
    0x00001124   0x00001124   0x00000054   Code   RO          423    i.ST7735_DrawString  st7735.o
    0x00001178   0x00001178   0x000000ac   Code   RO          424    i.ST7735_FillRect   st7735.o
    0x00001224   0x00001224   0x00000024   Code   RO          425    i.ST7735_FillScreen  st7735.o
    0x00001248   0x00001248   0x0000007c   Code   RO          427    i.ST7735_InitR      st7735.o
    0x000012c4   0x000012c4   0x000000d4   Code   RO          429    i.ST7735_OutChar    st7735.o
    0x00001398   0x00001398   0x00000016   Code   RO          431    i.ST7735_OutString  st7735.o
    0x000013ae   0x000013ae   0x00000002   PAD
    0x000013b0   0x000013b0   0x00000084   Code   RO          432    i.ST7735_OutUDec    st7735.o
    0x00001434   0x00001434   0x00000020   Code   RO          441    i.ST7735_SetCursor  st7735.o
    0x00001454   0x00001454   0x00000014   Code   RO          254    i.Scope             texas.o
    0x00001468   0x00001468   0x00000014   Code   RO           47    i.Sound_Explosion   sound.o
    0x0000147c   0x0000147c   0x0000001c   Code   RO           53    i.Sound_Init        sound.o
    0x00001498   0x00001498   0x00000014   Code   RO           54    i.Sound_Killed      sound.o
    0x000014ac   0x000014ac   0x00000014   Code   RO           55    i.Sound_Shoot       sound.o
    0x000014c0   0x000014c0   0x00000020   Code   RO           56    i.Sound_Start       sound.o
    0x000014e0   0x000014e0   0x000000f8   Code   RO          255    i.TExaS_Init        texas.o
    0x000015d8   0x000015d8   0x00000050   Code   RO           57    i.Timer0A_Handler   sound.o
    0x00001628   0x00001628   0x00000060   Code   RO           16    i.Timer0_Init       timer0.o
    0x00001688   0x00001688   0x00000078   Code   RO          142    i.Timer1A_Handler   spaceinvaders.o
    0x00001700   0x00001700   0x00000060   Code   RO           35    i.Timer1_Init       timer1.o
    0x00001760   0x00001760   0x00000018   Code   RO          257    i.Timer5A_Handler   texas.o
    0x00001778   0x00001778   0x00000088   Code   RO          259    i.UART0_Init        texas.o
    0x00001800   0x00001800   0x00000056   Code   RO          445    i.commandList       st7735.o
    0x00001856   0x00001856   0x00000002   PAD
    0x00001858   0x00001858   0x00000188   Code   RO          446    i.commonInit        st7735.o
    0x000019e0   0x000019e0   0x000000bc   Code   RO          143    i.init              spaceinvaders.o
    0x00001a9c   0x00001a9c   0x0000008c   Code   RO          144    i.main              spaceinvaders.o
    0x00001b28   0x00001b28   0x00000012   Code   RO          451    i.pushColor         st7735.o
    0x00001b3a   0x00001b3a   0x00000002   PAD
    0x00001b3c   0x00001b3c   0x00000074   Code   RO          452    i.setAddrWindow     st7735.o
    0x00001bb0   0x00001bb0   0x0000001c   Code   RO          453    i.writecommand      st7735.o
    0x00001bcc   0x00001bcc   0x0000001c   Code   RO          454    i.writedata         st7735.o
    0x00001be8   0x00001be8   0x00003c4b   Data   RO           58    .constdata          sound.o
    0x00005833   0x00005833   0x00000001   PAD
    0x00005834   0x00005834   0x00001643   Data   RO          147    .constdata          spaceinvaders.o
    0x00006e77   0x00006e77   0x00000001   PAD
    0x00006e78   0x00006e78   0x00000842   Data   RO          456    .constdata          st7735.o
    0x000076ba   0x000076ba   0x00000002   PAD
    0x000076bc   0x000076bc   0x00000050   Data   RO          148    .conststring        spaceinvaders.o
    0x0000770c   0x0000770c   0x00000020   Data   RO          873    Region$$Table       anon$$obj.o


    Execution Region ER_RW (Exec base: 0x20000000, Load base: 0x0000772c, Size: 0x0000009c, Max: 0xffffffff, ABSOLUTE)

    Exec Addr    Load Addr    Size         Type   Attr      Idx    E Section Name        Object

    0x20000000   0x0000772c   0x00000008   Data   RW           59    .data               sound.o
    0x20000008   0x00007734   0x00000060   Data   RW          149    .data               spaceinvaders.o
    0x20000068   0x00007794   0x00000004   Data   RW          262    .data               texas.o
    0x2000006c   0x00007798   0x0000002c   Data   RW          457    .data               st7735.o
    0x20000098   0x000077c4   0x00000004   Data   RW           12    DATA                random.o


    Execution Region ER_ZI (Exec base: 0x2000009c, Load base: 0x000077c8, Size: 0x0000077c, Max: 0xffffffff, ABSOLUTE)

    Exec Addr    Load Addr    Size         Type   Attr      Idx    E Section Name        Object

    0x2000009c        -       0x0000030c   Zero   RW          146    .bss                spaceinvaders.o
    0x200003a8        -       0x0000000c   Zero   RW          455    .bss                st7735.o
    0x200003b4        -       0x00000060   Zero   RW          745    .bss                c_w.l(libspace.o)
    0x20000414   0x000077c8   0x00000004   PAD
    0x20000418        -       0x00000000   Zero   RW            2    HEAP                startup.o
    0x20000418        -       0x00000400   Zero   RW            1    STACK               startup.o


==============================================================================

Image component sizes


      Code (inc. data)   RO Data    RW Data    ZI Data      Debug   Object Name

       256         32          0          0          0        888   adc.o
        72          2          0          0          0        256   busywait.o
       100         20          0          0          0        825   dac.o
       124          4          0          0          0        455   pll.o
        60         14          0          4          0        232   random.o
       200         52      15435          8          0       3429   sound.o
      1732        228       5779         96        780       9745   spaceinvaders.o
      2138        220       2114         44         12      15555   st7735.o
       692        632          0          0       1024        964   startup.o
       396          0          0          0          0        360   stringconversion.o
       896        158          0          4          0       5638   texas.o
        96         18          0          0          0       5042   timer0.o
        96         18          0          0          0        534   timer1.o

    ----------------------------------------------------------------------
      6864       1398      23364        156       1816      43923   Object Totals
         0          0         32          0          0          0   (incl. Generated)
         6          0          4          0          0          0   (incl. Padding)

    ----------------------------------------------------------------------

      Code (inc. data)   RO Data    RW Data    ZI Data      Debug   Library Member Name

         8          0          0          0          0         68   __main.o
         0          0          0          0          0          0   __rtentry.o
        12          0          0          0          0          0   __rtentry2.o
         6          0          0          0          0          0   __rtentry4.o
        52          8          0          0          0          0   __scatter.o
        26          0          0          0          0          0   __scatter_copy.o
        28          0          0          0          0          0   __scatter_zi.o
        18          0          0          0          0         80   exit.o
         6          0          0          0          0        152   heapauxi.o
         0          0          0          0          0          0   indicate_semi.o
         2          0          0          0          0          0   libinit.o
         2          0          0          0          0          0   libinit2.o
         2          0          0          0          0          0   libshutdown.o
         2          0          0          0          0          0   libshutdown2.o
         8          4          0          0         96         68   libspace.o
         2          0          0          0          0          0   rtexit.o
        10          0          0          0          0          0   rtexit2.o
        12          4          0          0          0         68   sys_exit.o
        74          0          0          0          0         80   sys_stackheap_outer.o
         2          0          0          0          0         68   use_no_semi.o

    ----------------------------------------------------------------------
       280         16          0          0        100        584   Library Totals
         8          0          0          0          4          0   (incl. Padding)

    ----------------------------------------------------------------------

      Code (inc. data)   RO Data    RW Data    ZI Data      Debug   Library Name

       272         16          0          0         96        584   c_w.l

    ----------------------------------------------------------------------
       280         16          0          0        100        584   Library Totals

    ----------------------------------------------------------------------

==============================================================================


      Code (inc. data)   RO Data    RW Data    ZI Data      Debug   

      7144       1414      23364        156       1916      41695   Grand Totals
      7144       1414      23364        156       1916      41695   ELF Image Totals
      7144       1414      23364        156          0          0   ROM Totals

==============================================================================

    Total RO  Size (Code + RO Data)                30508 (  29.79kB)
    Total RW  Size (RW Data + ZI Data)              2072 (   2.02kB)
    Total ROM Size (Code + RO Data + RW Data)      30664 (  29.95kB)

==============================================================================

